******************************************************************************
               TMS320C6x Linker PC v7.4.4                      
******************************************************************************
>> Linked Sun Mar 05 15:05:01 2017

OUTPUT FILE NAME:   <TMS320C6414_ma.out>
ENTRY POINT SYMBOL: "_c_int00"  address: 008162e0


MEMORY CONFIGURATION

         name            origin    length      used     unused   attr    fill
----------------------  --------  ---------  --------  --------  ----  --------
  L2RAM                 00810000   00010000  00007ef6  0000810a  RWIX
  L1PRAM                00e0c000   00004000  00000000  00004000  RWIX
  L1DRAM1               00f0c000   00004000  00000000  00004000  RWIX
  L1DRAM2               00f10000   00008000  00000000  00008000  RWIX
  L2SHRAM               10810000   00010000  00000000  00010000  RWIX
  L1PSHRAM              10e0c000   00004000  00000000  00004000  RWIX
  L1DSHRAM1             10f0c000   00004000  00000000  00004000  RWIX
  L1DSHRAM2             10f10000   00008000  00000000  00008000  RWIX
  EMIFA_CS2             42000000   01000000  00000000  01000000  RWIX
  EMIFA_CS3             44000000   01000000  00000000  01000000  RWIX
  EMIFA_CS4             46000000   01000000  00000000  01000000  RWIX
  EMIFA_CS5             48000000   01000000  00000000  01000000  RWIX
  DDR2                  80000000   10000000  00000000  10000000  RWIX


SECTION ALLOCATION MAP

 output                                  attributes/
section   page    origin      length       input sections
--------  ----  ----------  ----------   ----------------
.pinit     0    00810000    00000000     UNINITIALIZED

.text      0    00810000    000066e0     
                  00810000    00000580     rts64plus.lib : _printfi.obj (.text:__getarg_diouxp)
                  00810580    00000540                   : divd.obj (.text:__divd)
                  00810ac0    00000440                   : _printfi.obj (.text:__printfi)
                  00810f00    00000440                   : _printfi.obj (.text:__setfield)
                  00811340    000003a0                   : fputs.obj (.text:_fputs)
                  008116e0    00000340                   : _printfi.obj (.text:__pproc_fge)
                  00811a20    00000300                   : _printfi.obj (.text:_ecvt)
                  00811d20    00000300                   : _printfi.obj (.text:_fcvt)
                  00812020    000002c0                   : _printfi.obj (.text:__pproc_fwp)
                  008122e0    000002a0                   : _printfi.obj (.text:__pconv_e)
                  00812580    00000280                   : memory.obj (.text:_free)
                  00812800    00000260                   : imath64.obj (.text:__divull)
                  00812a60    00000260                   : mpyd.obj (.text:__mpyd)
                  00812cc0    00000240                   : _printfi.obj (.text:__pproc_diouxp)
                  00812f00    00000220                   : _printfi.obj (.text:__pproc_str)
                  00813120    00000220                   : fputc.obj (.text:_fputc)
                  00813340    00000200                   : addd.obj (.text:__addd)
                  00813540    00000200                   : frcaddd.obj (.text:__frcaddd)
                  00813740    00000200                   : _printfi.obj (.text:__pconv_g)
                  00813940    00000200                   : setvbuf.obj (.text:_setvbuf)
                  00813b40    000001c0                   : _printfi.obj (.text:__mcpy)
                  00813d00    000001a0                   : imath40.obj (.text:__divul)
                  00813ea0    00000180                   : trgdrv.obj (.text:_HOSTrename)
                  00814020    00000180                   : memory.obj (.text:_malloc)
                  008141a0    00000140                   : lowlev.obj (.text:_getdevice)
                  008142e0    00000120                   : fclose.obj (.text:__closefile)
                  00814400    00000120                   : _printfi.obj (.text:__ltostr)
                  00814520    00000120                   : _printfi.obj (.text:__pproc_fflags)
                  00814640    00000120                   : fseek.obj (.text:_fseek)
                  00814760    00000100                   : trgdrv.obj (.text:_HOSTlseek)
                  00814860    00000100                   : frcmpyd.obj (.text:__frcmpyd)
                  00814960    00000100                   : _io_perm.obj (.text:__wrt_ok)
                  00814a60    000000e0                   : trgdrv.obj (.text:_HOSTopen)
                  00814b40    000000e0                   : cmpd.obj (.text:__cmpd)
                  00814c20    000000e0                   : atoi.obj (.text:_atoi)
                  00814d00    000000e0                   : lowlev.obj (.text:_close)
                  00814de0    000000e0                   : memset.obj (.text:_memset)
                  00814ec0    000000e0                   : printf.obj (.text:_printf)
                  00814fa0    000000c0                   : trgdrv.obj (.text:_HOSTread)
                  00815060    000000c0                   : trgdrv.obj (.text:_HOSTunlink)
                  00815120    000000c0                   : trgdrv.obj (.text:_HOSTwrite)
                  008151e0    000000c0                   : autoinit.obj (.text:__auto_init)
                  008152a0    000000c0                   : _printfi.obj (.text:__div)
                  00815360    000000c0                   : divu.obj (.text:__divu)
                  00815420    000000c0                   : fflush.obj (.text:__doflush)
                  008154e0    000000c0                   : exit.obj (.text:_exit)
                  008155a0    000000c0                   : ltoa.obj (.text:_ltoa)
                  00815660    000000a0                   : trgdrv.obj (.text:_HOSTclose)
                  00815700    000000a0                   : fopen.obj (.text:__cleanup)
                  008157a0    000000a0                   : imath40.obj (.text:__divli)
                  00815840    000000a0                   : _printfi.obj (.text:__ecpy)
                  008158e0    000000a0                   : _printfi.obj (.text:__fcpy)
                  00815980    000000a0                   : fixdli.obj (.text:__fixdli)
                  00815a20    000000a0                   : _printfi.obj (.text:__pconv_f)
                  00815ac0    000000a0                   : cpy_tbl.obj (.text:_copy_in)
                  00815b60    000000a0                   : lowlev.obj (.text:_finddevice)
                  00815c00    000000a0                   : lowlev.obj (.text:_lseek)
                  00815ca0    000000a0                   : memcpy64.obj (.text:_memcpy)
                  00815d40    000000a0                   : memory.obj (.text:_minsert)
                  00815de0    000000a0                   : memory.obj (.text:_mremove)
                  00815e80    000000a0                   : lowlev.obj (.text:_write)
                  00815f20    00000080                   : fixdi.obj (.text:__fixdi)
                  00815fa0    00000080                   : fltlid.obj (.text:__fltlid)
                  00816020    00000080                   : llshift.obj (.text:__llshl)
                  008160a0    00000080                   : renormd.obj (.text:__renormd)
                  00816120    00000080                   : trgmsg.obj (.text:_readmsg)
                  008161a0    00000080                   : lowlev.obj (.text:_unlink)
                  00816220    00000060                   : cpp_init.obj (.text:___TI_cpp_init)
                  00816280    00000060                   : imath64.obj (.text:__subcull)
                  008162e0    00000060                   : boot.obj (.text:_c_int00)
                  00816340    00000060                   : memccpy.obj (.text:_memccpy)
                  008163a0    00000060                   : trgmsg.obj (.text:_writemsg)
                  00816400    00000040                   : isinf.obj (.text:___isinf)
                  00816440    00000040                   : _printfi.obj (.text:___isnan)
                  00816480    00000040                   : args_main.obj (.text:__args_main)
                  008164c0    00000040                   : frcmpyd_div.obj (.text:__frcmpyd_div)
                  00816500    00000040                   : llshift.obj (.text:__llshru)
                  00816540    00000040                   : negd.obj (.text:__negd)
                  00816580    00000040                   : imath40.obj (.text:__remli)
                  008165c0    00000040                   : subd.obj (.text:__subd)
                  00816600    00000020                   : negll.obj (.text:__negll)
                  00816620    00000020                   : _lock.obj (.text:__nop)
                  00816640    00000020                   : printf.obj (.text:__outc)
                  00816660    00000020                   : printf.obj (.text:__outs)
                  00816680    00000020                   : exit.obj (.text:_abort)
                  008166a0    00000020                   : remove.obj (.text:_remove)
                  008166c0    00000020     main.obj (.text)

.bss       0    00810000    00000000     UNINITIALIZED

.data      0    00810000    00000000     UNINITIALIZED

.stack     0    008166e0    00000800     UNINITIALIZED
                  008166e0    00000008     rts64plus.lib : boot.obj (.stack)
                  008166e8    000007f8     --HOLE--

.sysmem    0    00816ee0    00000800     UNINITIALIZED
                  00816ee0    00000008     rts64plus.lib : memory.obj (.sysmem)
                  00816ee8    000007f8     --HOLE--

.far       0    008176e0    00000468     UNINITIALIZED
                  008176e0    00000324     rts64plus.lib : defs.obj (.far)
                  00817a04    00000004                   : fopen.obj (.far)
                  00817a08    0000011c                   : lowlev.obj (.far)
                  00817b24    0000000c                   : exit.obj (.far)
                  00817b30    00000008                   : _lock.obj (.far)
                  00817b38    00000008                   : memory.obj (.far)
                  00817b40    00000008                   : trgdrv.obj (.far)

.cinit     0    00817b48    00000154     
                  00817b48    0000005c     rts64plus.lib : defs.obj (.cinit)
                  00817ba4    00000004     --HOLE-- [fill = 0]
                  00817ba8    0000005c                   : lowlev.obj (.cinit)
                  00817c04    00000004     --HOLE-- [fill = 0]
                  00817c08    0000002c                   : exit.obj (.cinit)
                  00817c34    00000004     --HOLE-- [fill = 0]
                  00817c38    0000002c                   : memory.obj (.cinit)
                  00817c64    00000004     --HOLE-- [fill = 0]
                  00817c68    0000001c                   : _lock.obj (.cinit)
                  00817c84    00000004     --HOLE-- [fill = 0]
                  00817c88    0000000c                   : fopen.obj (.cinit)
                  00817c94    00000004     --HOLE-- [fill = 0]
                  00817c98    00000004     (.pad.cinit) [fill = 0]

.const     0    00817ca0    0000013a     
                  00817ca0    00000101     rts64plus.lib : ctype.obj (.const:.string:__ctypes_)
                  00817da1    00000023                   : _printfi.obj (.const:.string)
                  00817dc4    0000000c     main.obj (.const:.string)
                  00817dd0    00000008     rts64plus.lib : divd.obj (.const:.string:_initial_approx$1)
                  00817dd8    00000002                   : fputs.obj (.const:.string)

.cio       0    00817de0    00000120     UNINITIALIZED
                  00817de0    00000120     rts64plus.lib : trgmsg.obj (.cio)


GLOBAL SYMBOLS: SORTED ALPHABETICALLY BY Name 

address    name
--------   ----
00810000   $bss
00810000   .bss
00810000   .data
00810000   .text
00816680   C$$EXIT
008163f8   C$$IO$$
00815660   _HOSTclose
00814760   _HOSTlseek
00814a60   _HOSTopen
00814fa0   _HOSTread
00813ea0   _HOSTrename
00815060   _HOSTunlink
00815120   _HOSTwrite
00817de0   __CIOBUF_
00816ee0   __STACK_END
00000800   __STACK_SIZE
00000800   __SYSMEM_SIZE
00000001   __TI_args_main
00816220   ___TI_cpp_init
00817b2c   ___TI_enable_exit_profile_output
ffffffff   ___TI_pprof_out_hndl
ffffffff   ___TI_prof_data_size
ffffffff   ___TI_prof_data_start
ffffffff   ___binit__
00810000   ___bss__
ffffffff   ___c_args__
00817b48   ___cinit__
00810000   ___data__
00810000   ___edata__
00810000   ___end__
008166e0   ___etext__
00816400   ___isinf
ffffffff   ___pinit__
00810000   ___text__
00813340   __addd
00816480   __args_main
008151e0   __auto_init
00815360   __c6xabi_divu
00815700   __cleanup
00817b24   __cleanup_ptr
008142e0   __closefile
00814b40   __cmpd
00817ca0   __ctypes_
00810580   __divd
008157a0   __divli
00815360   __divu
00813d00   __divul
00812800   __divull
00815420   __doflush
00817b28   __dtors_ptr
00815f20   __fixdi
00815980   __fixdli
00815fa0   __fltlid
00813540   __frcaddd
00814860   __frcmpyd
008164c0   __frcmpyd_div
00817a00   __ft_end
008176e0   __ftable
00816020   __llshl
00816500   __llshru
00817b30   __lock
00812a60   __mpyd
00816540   __negd
00816600   __negll
00816620   __nop
00810ac0   __printfi
00816580   __remli
008160a0   __renormd
008166e0   __stack
00816280   __subcull
008165c0   __subd
00816ee0   __sys_memory
008178c0   __tmpnams
00817b34   __unlock
00814960   __wrt_ok
00816680   _abort
00814c20   _atoi
008162e0   _c_int00
00814d00   _close
00815ac0   _copy_in
008154e0   _exit
00813120   _fputc
00811340   _fputs
00812580   _free
00814640   _fseek
00815c00   _lseek
008155a0   _ltoa
008166c0   _main
00814020   _malloc
00816340   _memccpy
00815ca0   _memcpy
00814de0   _memset
00814ec0   _printf
00813120   _putc
00816120   _readmsg
008166a0   _remove
00813940   _setvbuf
008161a0   _unlink
00815e80   _write
008163a0   _writemsg
ffffffff   binit
00817b48   cinit
00810000   edata
00810000   end
008166e0   etext
ffffffff   pinit


GLOBAL SYMBOLS: SORTED BY Symbol Address 

address    name
--------   ----
00000001   __TI_args_main
00000800   __STACK_SIZE
00000800   __SYSMEM_SIZE
00810000   $bss
00810000   .bss
00810000   .data
00810000   .text
00810000   ___bss__
00810000   ___data__
00810000   ___edata__
00810000   ___end__
00810000   ___text__
00810000   edata
00810000   end
00810580   __divd
00810ac0   __printfi
00811340   _fputs
00812580   _free
00812800   __divull
00812a60   __mpyd
00813120   _fputc
00813120   _putc
00813340   __addd
00813540   __frcaddd
00813940   _setvbuf
00813d00   __divul
00813ea0   _HOSTrename
00814020   _malloc
008142e0   __closefile
00814640   _fseek
00814760   _HOSTlseek
00814860   __frcmpyd
00814960   __wrt_ok
00814a60   _HOSTopen
00814b40   __cmpd
00814c20   _atoi
00814d00   _close
00814de0   _memset
00814ec0   _printf
00814fa0   _HOSTread
00815060   _HOSTunlink
00815120   _HOSTwrite
008151e0   __auto_init
00815360   __c6xabi_divu
00815360   __divu
00815420   __doflush
008154e0   _exit
008155a0   _ltoa
00815660   _HOSTclose
00815700   __cleanup
008157a0   __divli
00815980   __fixdli
00815ac0   _copy_in
00815c00   _lseek
00815ca0   _memcpy
00815e80   _write
00815f20   __fixdi
00815fa0   __fltlid
00816020   __llshl
008160a0   __renormd
00816120   _readmsg
008161a0   _unlink
00816220   ___TI_cpp_init
00816280   __subcull
008162e0   _c_int00
00816340   _memccpy
008163a0   _writemsg
008163f8   C$$IO$$
00816400   ___isinf
00816480   __args_main
008164c0   __frcmpyd_div
00816500   __llshru
00816540   __negd
00816580   __remli
008165c0   __subd
00816600   __negll
00816620   __nop
00816680   C$$EXIT
00816680   _abort
008166a0   _remove
008166c0   _main
008166e0   ___etext__
008166e0   __stack
008166e0   etext
00816ee0   __STACK_END
00816ee0   __sys_memory
008176e0   __ftable
008178c0   __tmpnams
00817a00   __ft_end
00817b24   __cleanup_ptr
00817b28   __dtors_ptr
00817b2c   ___TI_enable_exit_profile_output
00817b30   __lock
00817b34   __unlock
00817b48   ___cinit__
00817b48   cinit
00817ca0   __ctypes_
00817de0   __CIOBUF_
ffffffff   ___TI_pprof_out_hndl
ffffffff   ___TI_prof_data_size
ffffffff   ___TI_prof_data_start
ffffffff   ___binit__
ffffffff   ___c_args__
ffffffff   ___pinit__
ffffffff   binit
ffffffff   pinit

[106 symbols]
