<?xml version="1.0"?>
<link_info>
   <banner>TMS320C6x Linker PC v7.4.4</banner>
   <copyright>Copyright (c) 1996-2013 Texas Instruments Incorporated</copyright>
   <link_time>0x58bbb89d</link_time>
   <output_file>TMS320C6414_ma.out</output_file>
   <entry_point>
      <name>_c_int00</name>
      <address>0x8162e0</address>
   </entry_point>
   <input_file_list>
      <input_file id="fl-2">
         <path>.\</path>
         <kind>object</kind>
         <file>main.obj</file>
         <name>main.obj</name>
      </input_file>
      <input_file id="fl-7d">
         <path>E:\Hardware\CCS5.5\ccsv5\tools\compiler\c6000_7.4.4\lib\</path>
         <kind>archive</kind>
         <file>rts64plus.lib</file>
         <name>boot.obj</name>
      </input_file>
      <input_file id="fl-7e">
         <path>E:\Hardware\CCS5.5\ccsv5\tools\compiler\c6000_7.4.4\lib\</path>
         <kind>archive</kind>
         <file>rts64plus.lib</file>
         <name>exit.obj</name>
      </input_file>
      <input_file id="fl-7f">
         <path>E:\Hardware\CCS5.5\ccsv5\tools\compiler\c6000_7.4.4\lib\</path>
         <kind>archive</kind>
         <file>rts64plus.lib</file>
         <name>printf.obj</name>
      </input_file>
      <input_file id="fl-80">
         <path>E:\Hardware\CCS5.5\ccsv5\tools\compiler\c6000_7.4.4\lib\</path>
         <kind>archive</kind>
         <file>rts64plus.lib</file>
         <name>_lock.obj</name>
      </input_file>
      <input_file id="fl-81">
         <path>E:\Hardware\CCS5.5\ccsv5\tools\compiler\c6000_7.4.4\lib\</path>
         <kind>archive</kind>
         <file>rts64plus.lib</file>
         <name>_printfi.obj</name>
      </input_file>
      <input_file id="fl-82">
         <path>E:\Hardware\CCS5.5\ccsv5\tools\compiler\c6000_7.4.4\lib\</path>
         <kind>archive</kind>
         <file>rts64plus.lib</file>
         <name>args_main.obj</name>
      </input_file>
      <input_file id="fl-83">
         <path>E:\Hardware\CCS5.5\ccsv5\tools\compiler\c6000_7.4.4\lib\</path>
         <kind>archive</kind>
         <file>rts64plus.lib</file>
         <name>atoi.obj</name>
      </input_file>
      <input_file id="fl-84">
         <path>E:\Hardware\CCS5.5\ccsv5\tools\compiler\c6000_7.4.4\lib\</path>
         <kind>archive</kind>
         <file>rts64plus.lib</file>
         <name>autoinit.obj</name>
      </input_file>
      <input_file id="fl-85">
         <path>E:\Hardware\CCS5.5\ccsv5\tools\compiler\c6000_7.4.4\lib\</path>
         <kind>archive</kind>
         <file>rts64plus.lib</file>
         <name>cmpd.obj</name>
      </input_file>
      <input_file id="fl-86">
         <path>E:\Hardware\CCS5.5\ccsv5\tools\compiler\c6000_7.4.4\lib\</path>
         <kind>archive</kind>
         <file>rts64plus.lib</file>
         <name>cpp_init.obj</name>
      </input_file>
      <input_file id="fl-87">
         <path>E:\Hardware\CCS5.5\ccsv5\tools\compiler\c6000_7.4.4\lib\</path>
         <kind>archive</kind>
         <file>rts64plus.lib</file>
         <name>cpy_tbl.obj</name>
      </input_file>
      <input_file id="fl-88">
         <path>E:\Hardware\CCS5.5\ccsv5\tools\compiler\c6000_7.4.4\lib\</path>
         <kind>archive</kind>
         <file>rts64plus.lib</file>
         <name>ctype.obj</name>
      </input_file>
      <input_file id="fl-89">
         <path>E:\Hardware\CCS5.5\ccsv5\tools\compiler\c6000_7.4.4\lib\</path>
         <kind>archive</kind>
         <file>rts64plus.lib</file>
         <name>defs.obj</name>
      </input_file>
      <input_file id="fl-8a">
         <path>E:\Hardware\CCS5.5\ccsv5\tools\compiler\c6000_7.4.4\lib\</path>
         <kind>archive</kind>
         <file>rts64plus.lib</file>
         <name>divd.obj</name>
      </input_file>
      <input_file id="fl-8b">
         <path>E:\Hardware\CCS5.5\ccsv5\tools\compiler\c6000_7.4.4\lib\</path>
         <kind>archive</kind>
         <file>rts64plus.lib</file>
         <name>divu.obj</name>
      </input_file>
      <input_file id="fl-8c">
         <path>E:\Hardware\CCS5.5\ccsv5\tools\compiler\c6000_7.4.4\lib\</path>
         <kind>archive</kind>
         <file>rts64plus.lib</file>
         <name>fixdi.obj</name>
      </input_file>
      <input_file id="fl-8d">
         <path>E:\Hardware\CCS5.5\ccsv5\tools\compiler\c6000_7.4.4\lib\</path>
         <kind>archive</kind>
         <file>rts64plus.lib</file>
         <name>fixdli.obj</name>
      </input_file>
      <input_file id="fl-8e">
         <path>E:\Hardware\CCS5.5\ccsv5\tools\compiler\c6000_7.4.4\lib\</path>
         <kind>archive</kind>
         <file>rts64plus.lib</file>
         <name>fltlid.obj</name>
      </input_file>
      <input_file id="fl-8f">
         <path>E:\Hardware\CCS5.5\ccsv5\tools\compiler\c6000_7.4.4\lib\</path>
         <kind>archive</kind>
         <file>rts64plus.lib</file>
         <name>fputc.obj</name>
      </input_file>
      <input_file id="fl-90">
         <path>E:\Hardware\CCS5.5\ccsv5\tools\compiler\c6000_7.4.4\lib\</path>
         <kind>archive</kind>
         <file>rts64plus.lib</file>
         <name>fputs.obj</name>
      </input_file>
      <input_file id="fl-91">
         <path>E:\Hardware\CCS5.5\ccsv5\tools\compiler\c6000_7.4.4\lib\</path>
         <kind>archive</kind>
         <file>rts64plus.lib</file>
         <name>frcmpyd_div.obj</name>
      </input_file>
      <input_file id="fl-92">
         <path>E:\Hardware\CCS5.5\ccsv5\tools\compiler\c6000_7.4.4\lib\</path>
         <kind>archive</kind>
         <file>rts64plus.lib</file>
         <name>imath40.obj</name>
      </input_file>
      <input_file id="fl-93">
         <path>E:\Hardware\CCS5.5\ccsv5\tools\compiler\c6000_7.4.4\lib\</path>
         <kind>archive</kind>
         <file>rts64plus.lib</file>
         <name>imath64.obj</name>
      </input_file>
      <input_file id="fl-94">
         <path>E:\Hardware\CCS5.5\ccsv5\tools\compiler\c6000_7.4.4\lib\</path>
         <kind>archive</kind>
         <file>rts64plus.lib</file>
         <name>isinf.obj</name>
      </input_file>
      <input_file id="fl-95">
         <path>E:\Hardware\CCS5.5\ccsv5\tools\compiler\c6000_7.4.4\lib\</path>
         <kind>archive</kind>
         <file>rts64plus.lib</file>
         <name>llshift.obj</name>
      </input_file>
      <input_file id="fl-96">
         <path>E:\Hardware\CCS5.5\ccsv5\tools\compiler\c6000_7.4.4\lib\</path>
         <kind>archive</kind>
         <file>rts64plus.lib</file>
         <name>lowlev.obj</name>
      </input_file>
      <input_file id="fl-97">
         <path>E:\Hardware\CCS5.5\ccsv5\tools\compiler\c6000_7.4.4\lib\</path>
         <kind>archive</kind>
         <file>rts64plus.lib</file>
         <name>ltoa.obj</name>
      </input_file>
      <input_file id="fl-98">
         <path>E:\Hardware\CCS5.5\ccsv5\tools\compiler\c6000_7.4.4\lib\</path>
         <kind>archive</kind>
         <file>rts64plus.lib</file>
         <name>memccpy.obj</name>
      </input_file>
      <input_file id="fl-99">
         <path>E:\Hardware\CCS5.5\ccsv5\tools\compiler\c6000_7.4.4\lib\</path>
         <kind>archive</kind>
         <file>rts64plus.lib</file>
         <name>memcpy64.obj</name>
      </input_file>
      <input_file id="fl-9a">
         <path>E:\Hardware\CCS5.5\ccsv5\tools\compiler\c6000_7.4.4\lib\</path>
         <kind>archive</kind>
         <file>rts64plus.lib</file>
         <name>memset.obj</name>
      </input_file>
      <input_file id="fl-9b">
         <path>E:\Hardware\CCS5.5\ccsv5\tools\compiler\c6000_7.4.4\lib\</path>
         <kind>archive</kind>
         <file>rts64plus.lib</file>
         <name>mpyd.obj</name>
      </input_file>
      <input_file id="fl-9c">
         <path>E:\Hardware\CCS5.5\ccsv5\tools\compiler\c6000_7.4.4\lib\</path>
         <kind>archive</kind>
         <file>rts64plus.lib</file>
         <name>negd.obj</name>
      </input_file>
      <input_file id="fl-9d">
         <path>E:\Hardware\CCS5.5\ccsv5\tools\compiler\c6000_7.4.4\lib\</path>
         <kind>archive</kind>
         <file>rts64plus.lib</file>
         <name>negll.obj</name>
      </input_file>
      <input_file id="fl-9e">
         <path>E:\Hardware\CCS5.5\ccsv5\tools\compiler\c6000_7.4.4\lib\</path>
         <kind>archive</kind>
         <file>rts64plus.lib</file>
         <name>subd.obj</name>
      </input_file>
      <input_file id="fl-9f">
         <path>E:\Hardware\CCS5.5\ccsv5\tools\compiler\c6000_7.4.4\lib\</path>
         <kind>archive</kind>
         <file>rts64plus.lib</file>
         <name>trgdrv.obj</name>
      </input_file>
      <input_file id="fl-a0">
         <path>E:\Hardware\CCS5.5\ccsv5\tools\compiler\c6000_7.4.4\lib\</path>
         <kind>archive</kind>
         <file>rts64plus.lib</file>
         <name>trgmsg.obj</name>
      </input_file>
      <input_file id="fl-a1">
         <path>E:\Hardware\CCS5.5\ccsv5\tools\compiler\c6000_7.4.4\lib\</path>
         <kind>archive</kind>
         <file>rts64plus.lib</file>
         <name>_io_perm.obj</name>
      </input_file>
      <input_file id="fl-a2">
         <path>E:\Hardware\CCS5.5\ccsv5\tools\compiler\c6000_7.4.4\lib\</path>
         <kind>archive</kind>
         <file>rts64plus.lib</file>
         <name>abs.obj</name>
      </input_file>
      <input_file id="fl-a3">
         <path>E:\Hardware\CCS5.5\ccsv5\tools\compiler\c6000_7.4.4\lib\</path>
         <kind>archive</kind>
         <file>rts64plus.lib</file>
         <name>addd.obj</name>
      </input_file>
      <input_file id="fl-a4">
         <path>E:\Hardware\CCS5.5\ccsv5\tools\compiler\c6000_7.4.4\lib\</path>
         <kind>archive</kind>
         <file>rts64plus.lib</file>
         <name>fflush.obj</name>
      </input_file>
      <input_file id="fl-a5">
         <path>E:\Hardware\CCS5.5\ccsv5\tools\compiler\c6000_7.4.4\lib\</path>
         <kind>archive</kind>
         <file>rts64plus.lib</file>
         <name>frcaddd.obj</name>
      </input_file>
      <input_file id="fl-a6">
         <path>E:\Hardware\CCS5.5\ccsv5\tools\compiler\c6000_7.4.4\lib\</path>
         <kind>archive</kind>
         <file>rts64plus.lib</file>
         <name>frcmpyd.obj</name>
      </input_file>
      <input_file id="fl-a7">
         <path>E:\Hardware\CCS5.5\ccsv5\tools\compiler\c6000_7.4.4\lib\</path>
         <kind>archive</kind>
         <file>rts64plus.lib</file>
         <name>fseek.obj</name>
      </input_file>
      <input_file id="fl-a8">
         <path>E:\Hardware\CCS5.5\ccsv5\tools\compiler\c6000_7.4.4\lib\</path>
         <kind>archive</kind>
         <file>rts64plus.lib</file>
         <name>renormd.obj</name>
      </input_file>
      <input_file id="fl-a9">
         <path>E:\Hardware\CCS5.5\ccsv5\tools\compiler\c6000_7.4.4\lib\</path>
         <kind>archive</kind>
         <file>rts64plus.lib</file>
         <name>setvbuf.obj</name>
      </input_file>
      <input_file id="fl-aa">
         <path>E:\Hardware\CCS5.5\ccsv5\tools\compiler\c6000_7.4.4\lib\</path>
         <kind>archive</kind>
         <file>rts64plus.lib</file>
         <name>fopen.obj</name>
      </input_file>
      <input_file id="fl-ab">
         <path>E:\Hardware\CCS5.5\ccsv5\tools\compiler\c6000_7.4.4\lib\</path>
         <kind>archive</kind>
         <file>rts64plus.lib</file>
         <name>memory.obj</name>
      </input_file>
      <input_file id="fl-ac">
         <path>E:\Hardware\CCS5.5\ccsv5\tools\compiler\c6000_7.4.4\lib\</path>
         <kind>archive</kind>
         <file>rts64plus.lib</file>
         <name>fclose.obj</name>
      </input_file>
      <input_file id="fl-ad">
         <path>E:\Hardware\CCS5.5\ccsv5\tools\compiler\c6000_7.4.4\lib\</path>
         <kind>archive</kind>
         <file>rts64plus.lib</file>
         <name>remove.obj</name>
      </input_file>
   </input_file_list>
   <object_component_list>
      <object_component id="oc-ee">
         <name>.text:__getarg_diouxp</name>
         <load_address>0x810000</load_address>
         <run_address>0x810000</run_address>
         <size>0x580</size>
         <input_file_ref idref="fl-81"/>
      </object_component>
      <object_component id="oc-fb">
         <name>.text:__divd</name>
         <load_address>0x810580</load_address>
         <run_address>0x810580</run_address>
         <size>0x540</size>
         <input_file_ref idref="fl-8a"/>
      </object_component>
      <object_component id="oc-d4">
         <name>.text:__printfi</name>
         <load_address>0x810ac0</load_address>
         <run_address>0x810ac0</run_address>
         <size>0x440</size>
         <input_file_ref idref="fl-81"/>
      </object_component>
      <object_component id="oc-d9">
         <name>.text:__setfield</name>
         <load_address>0x810f00</load_address>
         <run_address>0x810f00</run_address>
         <size>0x440</size>
         <input_file_ref idref="fl-81"/>
      </object_component>
      <object_component id="oc-d6">
         <name>.text:_fputs</name>
         <load_address>0x811340</load_address>
         <run_address>0x811340</run_address>
         <size>0x3a0</size>
         <input_file_ref idref="fl-90"/>
      </object_component>
      <object_component id="oc-e1">
         <name>.text:__pproc_fge</name>
         <load_address>0x8116e0</load_address>
         <run_address>0x8116e0</run_address>
         <size>0x340</size>
         <input_file_ref idref="fl-81"/>
      </object_component>
      <object_component id="oc-f5">
         <name>.text:_ecvt</name>
         <load_address>0x811a20</load_address>
         <run_address>0x811a20</run_address>
         <size>0x300</size>
         <input_file_ref idref="fl-81"/>
      </object_component>
      <object_component id="oc-f8">
         <name>.text:_fcvt</name>
         <load_address>0x811d20</load_address>
         <run_address>0x811d20</run_address>
         <size>0x300</size>
         <input_file_ref idref="fl-81"/>
      </object_component>
      <object_component id="oc-d8">
         <name>.text:__pproc_fwp</name>
         <load_address>0x812020</load_address>
         <run_address>0x812020</run_address>
         <size>0x2c0</size>
         <input_file_ref idref="fl-81"/>
      </object_component>
      <object_component id="oc-ed">
         <name>.text:__pconv_e</name>
         <load_address>0x8122e0</load_address>
         <run_address>0x8122e0</run_address>
         <size>0x2a0</size>
         <input_file_ref idref="fl-81"/>
      </object_component>
      <object_component id="oc-f2">
         <name>.text:_free</name>
         <load_address>0x812580</load_address>
         <run_address>0x812580</run_address>
         <size>0x280</size>
         <input_file_ref idref="fl-ab"/>
      </object_component>
      <object_component id="oc-10a">
         <name>.text:__divull</name>
         <load_address>0x812800</load_address>
         <run_address>0x812800</run_address>
         <size>0x260</size>
         <input_file_ref idref="fl-93"/>
      </object_component>
      <object_component id="oc-fa">
         <name>.text:__mpyd</name>
         <load_address>0x812a60</load_address>
         <run_address>0x812a60</run_address>
         <size>0x260</size>
         <input_file_ref idref="fl-9b"/>
      </object_component>
      <object_component id="oc-e2">
         <name>.text:__pproc_diouxp</name>
         <load_address>0x812cc0</load_address>
         <run_address>0x812cc0</run_address>
         <size>0x240</size>
         <input_file_ref idref="fl-81"/>
      </object_component>
      <object_component id="oc-da">
         <name>.text:__pproc_str</name>
         <load_address>0x812f00</load_address>
         <run_address>0x812f00</run_address>
         <size>0x220</size>
         <input_file_ref idref="fl-81"/>
      </object_component>
      <object_component id="oc-db">
         <name>.text:_fputc</name>
         <load_address>0x813120</load_address>
         <run_address>0x813120</run_address>
         <size>0x220</size>
         <input_file_ref idref="fl-8f"/>
      </object_component>
      <object_component id="oc-10f">
         <name>.text:__addd</name>
         <load_address>0x813340</load_address>
         <run_address>0x813340</run_address>
         <size>0x200</size>
         <input_file_ref idref="fl-a3"/>
      </object_component>
      <object_component id="oc-114">
         <name>.text:__frcaddd</name>
         <load_address>0x813540</load_address>
         <run_address>0x813540</run_address>
         <size>0x200</size>
         <input_file_ref idref="fl-a5"/>
      </object_component>
      <object_component id="oc-eb">
         <name>.text:__pconv_g</name>
         <load_address>0x813740</load_address>
         <run_address>0x813740</run_address>
         <size>0x200</size>
         <input_file_ref idref="fl-81"/>
      </object_component>
      <object_component id="oc-e5">
         <name>.text:_setvbuf</name>
         <load_address>0x813940</load_address>
         <run_address>0x813940</run_address>
         <size>0x200</size>
         <input_file_ref idref="fl-a9"/>
      </object_component>
      <object_component id="oc-f7">
         <name>.text:__mcpy</name>
         <load_address>0x813b40</load_address>
         <run_address>0x813b40</run_address>
         <size>0x1c0</size>
         <input_file_ref idref="fl-81"/>
      </object_component>
      <object_component id="oc-109">
         <name>.text:__divul</name>
         <load_address>0x813d00</load_address>
         <run_address>0x813d00</run_address>
         <size>0x1a0</size>
         <input_file_ref idref="fl-92"/>
      </object_component>
      <object_component id="oc-ca">
         <name>.text:_HOSTrename</name>
         <load_address>0x813ea0</load_address>
         <run_address>0x813ea0</run_address>
         <size>0x180</size>
         <input_file_ref idref="fl-9f"/>
      </object_component>
      <object_component id="oc-f3">
         <name>.text:_malloc</name>
         <load_address>0x814020</load_address>
         <run_address>0x814020</run_address>
         <size>0x180</size>
         <input_file_ref idref="fl-ab"/>
      </object_component>
      <object_component id="oc-115">
         <name>.text:_getdevice</name>
         <load_address>0x8141a0</load_address>
         <run_address>0x8141a0</run_address>
         <size>0x140</size>
         <input_file_ref idref="fl-96"/>
      </object_component>
      <object_component id="oc-ff">
         <name>.text:__closefile</name>
         <load_address>0x8142e0</load_address>
         <run_address>0x8142e0</run_address>
         <size>0x120</size>
         <input_file_ref idref="fl-ac"/>
      </object_component>
      <object_component id="oc-f0">
         <name>.text:__ltostr</name>
         <load_address>0x814400</load_address>
         <run_address>0x814400</run_address>
         <size>0x120</size>
         <input_file_ref idref="fl-81"/>
      </object_component>
      <object_component id="oc-d7">
         <name>.text:__pproc_fflags</name>
         <load_address>0x814520</load_address>
         <run_address>0x814520</run_address>
         <size>0x120</size>
         <input_file_ref idref="fl-81"/>
      </object_component>
      <object_component id="oc-e4">
         <name>.text:_fseek</name>
         <load_address>0x814640</load_address>
         <run_address>0x814640</run_address>
         <size>0x120</size>
         <input_file_ref idref="fl-a7"/>
      </object_component>
      <object_component id="oc-c8">
         <name>.text:_HOSTlseek</name>
         <load_address>0x814760</load_address>
         <run_address>0x814760</run_address>
         <size>0x100</size>
         <input_file_ref idref="fl-9f"/>
      </object_component>
      <object_component id="oc-105">
         <name>.text:__frcmpyd</name>
         <load_address>0x814860</load_address>
         <run_address>0x814860</run_address>
         <size>0x100</size>
         <input_file_ref idref="fl-a6"/>
      </object_component>
      <object_component id="oc-dc">
         <name>.text:__wrt_ok</name>
         <load_address>0x814960</load_address>
         <run_address>0x814960</run_address>
         <size>0x100</size>
         <input_file_ref idref="fl-a1"/>
      </object_component>
      <object_component id="oc-c4">
         <name>.text:_HOSTopen</name>
         <load_address>0x814a60</load_address>
         <run_address>0x814a60</run_address>
         <size>0xe0</size>
         <input_file_ref idref="fl-9f"/>
      </object_component>
      <object_component id="oc-e9">
         <name>.text:__cmpd</name>
         <load_address>0x814b40</load_address>
         <run_address>0x814b40</run_address>
         <size>0xe0</size>
         <input_file_ref idref="fl-85"/>
      </object_component>
      <object_component id="oc-e0">
         <name>.text:_atoi</name>
         <load_address>0x814c20</load_address>
         <run_address>0x814c20</run_address>
         <size>0xe0</size>
         <input_file_ref idref="fl-83"/>
      </object_component>
      <object_component id="oc-10b">
         <name>.text:_close</name>
         <load_address>0x814d00</load_address>
         <run_address>0x814d00</run_address>
         <size>0xe0</size>
         <input_file_ref idref="fl-96"/>
      </object_component>
      <object_component id="oc-df">
         <name>.text:_memset</name>
         <load_address>0x814de0</load_address>
         <run_address>0x814de0</run_address>
         <size>0xe0</size>
         <input_file_ref idref="fl-9a"/>
      </object_component>
      <object_component id="oc-d2">
         <name>.text:_printf</name>
         <load_address>0x814ec0</load_address>
         <run_address>0x814ec0</run_address>
         <size>0xe0</size>
         <input_file_ref idref="fl-7f"/>
      </object_component>
      <object_component id="oc-c6">
         <name>.text:_HOSTread</name>
         <load_address>0x814fa0</load_address>
         <run_address>0x814fa0</run_address>
         <size>0xc0</size>
         <input_file_ref idref="fl-9f"/>
      </object_component>
      <object_component id="oc-c9">
         <name>.text:_HOSTunlink</name>
         <load_address>0x815060</load_address>
         <run_address>0x815060</run_address>
         <size>0xc0</size>
         <input_file_ref idref="fl-9f"/>
      </object_component>
      <object_component id="oc-c7">
         <name>.text:_HOSTwrite</name>
         <load_address>0x815120</load_address>
         <run_address>0x815120</run_address>
         <size>0xc0</size>
         <input_file_ref idref="fl-9f"/>
      </object_component>
      <object_component id="oc-c0">
         <name>.text:__auto_init</name>
         <load_address>0x8151e0</load_address>
         <run_address>0x8151e0</run_address>
         <size>0xc0</size>
         <input_file_ref idref="fl-84"/>
      </object_component>
      <object_component id="oc-fc">
         <name>.text:__div</name>
         <load_address>0x8152a0</load_address>
         <run_address>0x8152a0</run_address>
         <size>0xc0</size>
         <input_file_ref idref="fl-81"/>
      </object_component>
      <object_component id="oc-108">
         <name>.text:__divu</name>
         <load_address>0x815360</load_address>
         <run_address>0x815360</run_address>
         <size>0xc0</size>
         <input_file_ref idref="fl-8b"/>
      </object_component>
      <object_component id="oc-dd">
         <name>.text:__doflush</name>
         <load_address>0x815420</load_address>
         <run_address>0x815420</run_address>
         <size>0xc0</size>
         <input_file_ref idref="fl-a4"/>
      </object_component>
      <object_component id="oc-c2">
         <name>.text:_exit</name>
         <load_address>0x8154e0</load_address>
         <run_address>0x8154e0</run_address>
         <size>0xc0</size>
         <input_file_ref idref="fl-7e"/>
      </object_component>
      <object_component id="oc-101">
         <name>.text:_ltoa</name>
         <load_address>0x8155a0</load_address>
         <run_address>0x8155a0</run_address>
         <size>0xc0</size>
         <input_file_ref idref="fl-97"/>
      </object_component>
      <object_component id="oc-c5">
         <name>.text:_HOSTclose</name>
         <load_address>0x815660</load_address>
         <run_address>0x815660</run_address>
         <size>0xa0</size>
         <input_file_ref idref="fl-9f"/>
      </object_component>
      <object_component id="oc-f4">
         <name>.text:__cleanup</name>
         <load_address>0x815700</load_address>
         <run_address>0x815700</run_address>
         <size>0xa0</size>
         <input_file_ref idref="fl-aa"/>
      </object_component>
      <object_component id="oc-10e">
         <name>.text:__divli</name>
         <load_address>0x8157a0</load_address>
         <run_address>0x8157a0</run_address>
         <size>0xa0</size>
         <input_file_ref idref="fl-92"/>
      </object_component>
      <object_component id="oc-f6">
         <name>.text:__ecpy</name>
         <load_address>0x815840</load_address>
         <run_address>0x815840</run_address>
         <size>0xa0</size>
         <input_file_ref idref="fl-81"/>
      </object_component>
      <object_component id="oc-f9">
         <name>.text:__fcpy</name>
         <load_address>0x8158e0</load_address>
         <run_address>0x8158e0</run_address>
         <size>0xa0</size>
         <input_file_ref idref="fl-81"/>
      </object_component>
      <object_component id="oc-100">
         <name>.text:__fixdli</name>
         <load_address>0x815980</load_address>
         <run_address>0x815980</run_address>
         <size>0xa0</size>
         <input_file_ref idref="fl-8d"/>
      </object_component>
      <object_component id="oc-ec">
         <name>.text:__pconv_f</name>
         <load_address>0x815a20</load_address>
         <run_address>0x815a20</run_address>
         <size>0xa0</size>
         <input_file_ref idref="fl-81"/>
      </object_component>
      <object_component id="oc-cb">
         <name>.text:_copy_in</name>
         <load_address>0x815ac0</load_address>
         <run_address>0x815ac0</run_address>
         <size>0xa0</size>
         <input_file_ref idref="fl-87"/>
      </object_component>
      <object_component id="oc-117">
         <name>.text:_finddevice</name>
         <load_address>0x815b60</load_address>
         <run_address>0x815b60</run_address>
         <size>0xa0</size>
         <input_file_ref idref="fl-96"/>
      </object_component>
      <object_component id="oc-f1">
         <name>.text:_lseek</name>
         <load_address>0x815c00</load_address>
         <run_address>0x815c00</run_address>
         <size>0xa0</size>
         <input_file_ref idref="fl-96"/>
      </object_component>
      <object_component id="oc-cc">
         <name>.text:_memcpy</name>
         <load_address>0x815ca0</load_address>
         <run_address>0x815ca0</run_address>
         <size>0xa0</size>
         <input_file_ref idref="fl-99"/>
      </object_component>
      <object_component id="oc-fe">
         <name>.text:_minsert</name>
         <load_address>0x815d40</load_address>
         <run_address>0x815d40</run_address>
         <size>0xa0</size>
         <input_file_ref idref="fl-ab"/>
      </object_component>
      <object_component id="oc-fd">
         <name>.text:_mremove</name>
         <load_address>0x815de0</load_address>
         <run_address>0x815de0</run_address>
         <size>0xa0</size>
         <input_file_ref idref="fl-ab"/>
      </object_component>
      <object_component id="oc-de">
         <name>.text:_write</name>
         <load_address>0x815e80</load_address>
         <run_address>0x815e80</run_address>
         <size>0xa0</size>
         <input_file_ref idref="fl-96"/>
      </object_component>
      <object_component id="oc-104">
         <name>.text:__fixdi</name>
         <load_address>0x815f20</load_address>
         <run_address>0x815f20</run_address>
         <size>0x80</size>
         <input_file_ref idref="fl-8c"/>
      </object_component>
      <object_component id="oc-102">
         <name>.text:__fltlid</name>
         <load_address>0x815fa0</load_address>
         <run_address>0x815fa0</run_address>
         <size>0x80</size>
         <input_file_ref idref="fl-8e"/>
      </object_component>
      <object_component id="oc-110">
         <name>.text:__llshl</name>
         <load_address>0x816020</load_address>
         <run_address>0x816020</run_address>
         <size>0x80</size>
         <input_file_ref idref="fl-95"/>
      </object_component>
      <object_component id="oc-116">
         <name>.text:__renormd</name>
         <load_address>0x8160a0</load_address>
         <run_address>0x8160a0</run_address>
         <size>0x80</size>
         <input_file_ref idref="fl-a8"/>
      </object_component>
      <object_component id="oc-d1">
         <name>.text:_readmsg</name>
         <load_address>0x816120</load_address>
         <run_address>0x816120</run_address>
         <size>0x80</size>
         <input_file_ref idref="fl-a0"/>
      </object_component>
      <object_component id="oc-113">
         <name>.text:_unlink</name>
         <load_address>0x8161a0</load_address>
         <run_address>0x8161a0</run_address>
         <size>0x80</size>
         <input_file_ref idref="fl-96"/>
      </object_component>
      <object_component id="oc-cd">
         <name>.text:___TI_cpp_init</name>
         <load_address>0x816220</load_address>
         <run_address>0x816220</run_address>
         <size>0x60</size>
         <input_file_ref idref="fl-86"/>
      </object_component>
      <object_component id="oc-111">
         <name>.text:__subcull</name>
         <load_address>0x816280</load_address>
         <run_address>0x816280</run_address>
         <size>0x60</size>
         <input_file_ref idref="fl-93"/>
      </object_component>
      <object_component id="oc-17">
         <name>.text:_c_int00</name>
         <load_address>0x8162e0</load_address>
         <run_address>0x8162e0</run_address>
         <size>0x60</size>
         <input_file_ref idref="fl-7d"/>
      </object_component>
      <object_component id="oc-e3">
         <name>.text:_memccpy</name>
         <load_address>0x816340</load_address>
         <run_address>0x816340</run_address>
         <size>0x60</size>
         <input_file_ref idref="fl-98"/>
      </object_component>
      <object_component id="oc-d0">
         <name>.text:_writemsg</name>
         <load_address>0x8163a0</load_address>
         <run_address>0x8163a0</run_address>
         <size>0x60</size>
         <input_file_ref idref="fl-a0"/>
      </object_component>
      <object_component id="oc-e8">
         <name>.text:___isinf</name>
         <load_address>0x816400</load_address>
         <run_address>0x816400</run_address>
         <size>0x40</size>
         <input_file_ref idref="fl-94"/>
      </object_component>
      <object_component id="oc-e7">
         <name>.text:___isnan</name>
         <load_address>0x816440</load_address>
         <run_address>0x816440</run_address>
         <size>0x40</size>
         <input_file_ref idref="fl-81"/>
      </object_component>
      <object_component id="oc-c1">
         <name>.text:__args_main</name>
         <load_address>0x816480</load_address>
         <run_address>0x816480</run_address>
         <size>0x40</size>
         <input_file_ref idref="fl-82"/>
      </object_component>
      <object_component id="oc-107">
         <name>.text:__frcmpyd_div</name>
         <load_address>0x8164c0</load_address>
         <run_address>0x8164c0</run_address>
         <size>0x40</size>
         <input_file_ref idref="fl-91"/>
      </object_component>
      <object_component id="oc-112">
         <name>.text:__llshru</name>
         <load_address>0x816500</load_address>
         <run_address>0x816500</run_address>
         <size>0x40</size>
         <input_file_ref idref="fl-95"/>
      </object_component>
      <object_component id="oc-ea">
         <name>.text:__negd</name>
         <load_address>0x816540</load_address>
         <run_address>0x816540</run_address>
         <size>0x40</size>
         <input_file_ref idref="fl-9c"/>
      </object_component>
      <object_component id="oc-10d">
         <name>.text:__remli</name>
         <load_address>0x816580</load_address>
         <run_address>0x816580</run_address>
         <size>0x40</size>
         <input_file_ref idref="fl-92"/>
      </object_component>
      <object_component id="oc-103">
         <name>.text:__subd</name>
         <load_address>0x8165c0</load_address>
         <run_address>0x8165c0</run_address>
         <size>0x40</size>
         <input_file_ref idref="fl-9e"/>
      </object_component>
      <object_component id="oc-ef">
         <name>.text:__negll</name>
         <load_address>0x816600</load_address>
         <run_address>0x816600</run_address>
         <size>0x20</size>
         <input_file_ref idref="fl-9d"/>
      </object_component>
      <object_component id="oc-c3">
         <name>.text:__nop</name>
         <load_address>0x816620</load_address>
         <run_address>0x816620</run_address>
         <size>0x20</size>
         <input_file_ref idref="fl-80"/>
      </object_component>
      <object_component id="oc-d5">
         <name>.text:__outc</name>
         <load_address>0x816640</load_address>
         <run_address>0x816640</run_address>
         <size>0x20</size>
         <input_file_ref idref="fl-7f"/>
      </object_component>
      <object_component id="oc-d3">
         <name>.text:__outs</name>
         <load_address>0x816660</load_address>
         <run_address>0x816660</run_address>
         <size>0x20</size>
         <input_file_ref idref="fl-7f"/>
      </object_component>
      <object_component id="oc-cf">
         <name>.text:_abort</name>
         <load_address>0x816680</load_address>
         <run_address>0x816680</run_address>
         <size>0x20</size>
         <input_file_ref idref="fl-7e"/>
      </object_component>
      <object_component id="oc-10c">
         <name>.text:_remove</name>
         <load_address>0x8166a0</load_address>
         <run_address>0x8166a0</run_address>
         <size>0x20</size>
         <input_file_ref idref="fl-ad"/>
      </object_component>
      <object_component id="oc-ce">
         <name>.text</name>
         <load_address>0x8166c0</load_address>
         <run_address>0x8166c0</run_address>
         <size>0x20</size>
         <input_file_ref idref="fl-2"/>
      </object_component>
      <object_component id="oc-1e">
         <name>.stack</name>
         <uninitialized>true</uninitialized>
         <run_address>0x8166e0</run_address>
         <size>0x8</size>
         <input_file_ref idref="fl-7d"/>
      </object_component>
      <object_component id="oc-136">
         <name>.stack</name>
         <uninitialized>true</uninitialized>
         <run_address>0x8166e0</run_address>
         <size>0x0</size>
      </object_component>
      <object_component id="oc-91">
         <name>.cio</name>
         <uninitialized>true</uninitialized>
         <run_address>0x817de0</run_address>
         <size>0x120</size>
         <input_file_ref idref="fl-a0"/>
      </object_component>
      <object_component id="oc-e6">
         <name>.const:.string:__ctypes_</name>
         <load_address>0x817ca0</load_address>
         <run_address>0x817ca0</run_address>
         <size>0x101</size>
         <input_file_ref idref="fl-88"/>
      </object_component>
      <object_component id="oc-2f">
         <name>.const:.string</name>
         <load_address>0x817da1</load_address>
         <run_address>0x817da1</run_address>
         <size>0x23</size>
         <input_file_ref idref="fl-81"/>
      </object_component>
      <object_component id="oc-19">
         <name>.const:.string</name>
         <load_address>0x817dc4</load_address>
         <run_address>0x817dc4</run_address>
         <size>0xc</size>
         <input_file_ref idref="fl-2"/>
      </object_component>
      <object_component id="oc-106">
         <name>.const:.string:_initial_approx$1</name>
         <load_address>0x817dd0</load_address>
         <run_address>0x817dd0</run_address>
         <size>0x8</size>
         <input_file_ref idref="fl-8a"/>
      </object_component>
      <object_component id="oc-5d">
         <name>.const:.string</name>
         <load_address>0x817dd8</load_address>
         <run_address>0x817dd8</run_address>
         <size>0x2</size>
         <input_file_ref idref="fl-90"/>
      </object_component>
      <object_component id="oc-b7">
         <name>.sysmem</name>
         <uninitialized>true</uninitialized>
         <run_address>0x816ee0</run_address>
         <size>0x8</size>
         <input_file_ref idref="fl-ab"/>
      </object_component>
      <object_component id="oc-137">
         <name>.sysmem</name>
         <uninitialized>true</uninitialized>
         <run_address>0x816ee0</run_address>
         <size>0x0</size>
      </object_component>
      <object_component id="oc-23">
         <name>.far</name>
         <uninitialized>true</uninitialized>
         <run_address>0x817b24</run_address>
         <size>0xc</size>
         <input_file_ref idref="fl-7e"/>
      </object_component>
      <object_component id="oc-2b">
         <name>.far</name>
         <uninitialized>true</uninitialized>
         <run_address>0x817b30</run_address>
         <size>0x8</size>
         <input_file_ref idref="fl-80"/>
      </object_component>
      <object_component id="oc-48">
         <name>.far</name>
         <uninitialized>true</uninitialized>
         <run_address>0x8176e0</run_address>
         <size>0x324</size>
         <input_file_ref idref="fl-89"/>
      </object_component>
      <object_component id="oc-71">
         <name>.far</name>
         <uninitialized>true</uninitialized>
         <run_address>0x817a08</run_address>
         <size>0x11c</size>
         <input_file_ref idref="fl-96"/>
      </object_component>
      <object_component id="oc-8d">
         <name>.far</name>
         <uninitialized>true</uninitialized>
         <run_address>0x817b40</run_address>
         <size>0x8</size>
         <input_file_ref idref="fl-9f"/>
      </object_component>
      <object_component id="oc-b1">
         <name>.far</name>
         <uninitialized>true</uninitialized>
         <run_address>0x817a04</run_address>
         <size>0x4</size>
         <input_file_ref idref="fl-aa"/>
      </object_component>
      <object_component id="oc-b6">
         <name>.far</name>
         <uninitialized>true</uninitialized>
         <run_address>0x817b38</run_address>
         <size>0x8</size>
         <input_file_ref idref="fl-ab"/>
      </object_component>
      <object_component id="oc-47">
         <name>.cinit</name>
         <load_address>0x817b48</load_address>
         <run_address>0x817b48</run_address>
         <size>0x5c</size>
         <input_file_ref idref="fl-89"/>
      </object_component>
      <object_component id="oc-70">
         <name>.cinit</name>
         <load_address>0x817ba8</load_address>
         <run_address>0x817ba8</run_address>
         <size>0x5c</size>
         <input_file_ref idref="fl-96"/>
      </object_component>
      <object_component id="oc-22">
         <name>.cinit</name>
         <load_address>0x817c08</load_address>
         <run_address>0x817c08</run_address>
         <size>0x2c</size>
         <input_file_ref idref="fl-7e"/>
      </object_component>
      <object_component id="oc-b5">
         <name>.cinit</name>
         <load_address>0x817c38</load_address>
         <run_address>0x817c38</run_address>
         <size>0x2c</size>
         <input_file_ref idref="fl-ab"/>
      </object_component>
      <object_component id="oc-2a">
         <name>.cinit</name>
         <load_address>0x817c68</load_address>
         <run_address>0x817c68</run_address>
         <size>0x1c</size>
         <input_file_ref idref="fl-80"/>
      </object_component>
      <object_component id="oc-b0">
         <name>.cinit</name>
         <load_address>0x817c88</load_address>
         <run_address>0x817c88</run_address>
         <size>0xc</size>
         <input_file_ref idref="fl-aa"/>
      </object_component>
      <object_component id="oc-18">
         <name>.debug_info</name>
         <load_address>0x0</load_address>
         <run_address>0x0</run_address>
         <size>0x636</size>
         <input_file_ref idref="fl-2"/>
      </object_component>
      <object_component id="oc-1d">
         <name>.debug_info</name>
         <load_address>0x636</load_address>
         <run_address>0x636</run_address>
         <size>0x6f2</size>
         <input_file_ref idref="fl-7d"/>
      </object_component>
      <object_component id="oc-21">
         <name>.debug_info</name>
         <load_address>0xd28</load_address>
         <run_address>0xd28</run_address>
         <size>0x7bf</size>
         <input_file_ref idref="fl-7e"/>
      </object_component>
      <object_component id="oc-26">
         <name>.debug_info</name>
         <load_address>0x14e7</load_address>
         <run_address>0x14e7</run_address>
         <size>0x8e9</size>
         <input_file_ref idref="fl-7f"/>
      </object_component>
      <object_component id="oc-29">
         <name>.debug_info</name>
         <load_address>0x1dd0</load_address>
         <run_address>0x1dd0</run_address>
         <size>0x633</size>
         <input_file_ref idref="fl-80"/>
      </object_component>
      <object_component id="oc-2e">
         <name>.debug_info</name>
         <load_address>0x2403</load_address>
         <run_address>0x2403</run_address>
         <size>0x28fc</size>
         <input_file_ref idref="fl-81"/>
      </object_component>
      <object_component id="oc-32">
         <name>.debug_info</name>
         <load_address>0x4cff</load_address>
         <run_address>0x4cff</run_address>
         <size>0x6c8</size>
         <input_file_ref idref="fl-82"/>
      </object_component>
      <object_component id="oc-35">
         <name>.debug_info</name>
         <load_address>0x53c7</load_address>
         <run_address>0x53c7</run_address>
         <size>0x6d5</size>
         <input_file_ref idref="fl-83"/>
      </object_component>
      <object_component id="oc-38">
         <name>.debug_info</name>
         <load_address>0x5a9c</load_address>
         <run_address>0x5a9c</run_address>
         <size>0x83e</size>
         <input_file_ref idref="fl-84"/>
      </object_component>
      <object_component id="oc-3b">
         <name>.debug_info</name>
         <load_address>0x62da</load_address>
         <run_address>0x62da</run_address>
         <size>0x68c</size>
         <input_file_ref idref="fl-85"/>
      </object_component>
      <object_component id="oc-3e">
         <name>.debug_info</name>
         <load_address>0x6966</load_address>
         <run_address>0x6966</run_address>
         <size>0x6b6</size>
         <input_file_ref idref="fl-86"/>
      </object_component>
      <object_component id="oc-41">
         <name>.debug_info</name>
         <load_address>0x701c</load_address>
         <run_address>0x701c</run_address>
         <size>0x7ac</size>
         <input_file_ref idref="fl-87"/>
      </object_component>
      <object_component id="oc-44">
         <name>.debug_info</name>
         <load_address>0x77c8</load_address>
         <run_address>0x77c8</run_address>
         <size>0x5e1</size>
         <input_file_ref idref="fl-88"/>
      </object_component>
      <object_component id="oc-46">
         <name>.debug_info</name>
         <load_address>0x7da9</load_address>
         <run_address>0x7da9</run_address>
         <size>0x6ce</size>
         <input_file_ref idref="fl-89"/>
      </object_component>
      <object_component id="oc-4a">
         <name>.debug_info</name>
         <load_address>0x8477</load_address>
         <run_address>0x8477</run_address>
         <size>0x991</size>
         <input_file_ref idref="fl-8a"/>
      </object_component>
      <object_component id="oc-4d">
         <name>.debug_info</name>
         <load_address>0x8e08</load_address>
         <run_address>0x8e08</run_address>
         <size>0xbd</size>
         <input_file_ref idref="fl-8b"/>
      </object_component>
      <object_component id="oc-50">
         <name>.debug_info</name>
         <load_address>0x8ec5</load_address>
         <run_address>0x8ec5</run_address>
         <size>0x67b</size>
         <input_file_ref idref="fl-8c"/>
      </object_component>
      <object_component id="oc-53">
         <name>.debug_info</name>
         <load_address>0x9540</load_address>
         <run_address>0x9540</run_address>
         <size>0x67e</size>
         <input_file_ref idref="fl-8d"/>
      </object_component>
      <object_component id="oc-56">
         <name>.debug_info</name>
         <load_address>0x9bbe</load_address>
         <run_address>0x9bbe</run_address>
         <size>0x697</size>
         <input_file_ref idref="fl-8e"/>
      </object_component>
      <object_component id="oc-59">
         <name>.debug_info</name>
         <load_address>0xa255</load_address>
         <run_address>0xa255</run_address>
         <size>0x811</size>
         <input_file_ref idref="fl-8f"/>
      </object_component>
      <object_component id="oc-5c">
         <name>.debug_info</name>
         <load_address>0xaa66</load_address>
         <run_address>0xaa66</run_address>
         <size>0xa9d</size>
         <input_file_ref idref="fl-90"/>
      </object_component>
      <object_component id="oc-60">
         <name>.debug_info</name>
         <load_address>0xb503</load_address>
         <run_address>0xb503</run_address>
         <size>0x653</size>
         <input_file_ref idref="fl-91"/>
      </object_component>
      <object_component id="oc-63">
         <name>.debug_info</name>
         <load_address>0xbb56</load_address>
         <run_address>0xbb56</run_address>
         <size>0x78a</size>
         <input_file_ref idref="fl-92"/>
      </object_component>
      <object_component id="oc-66">
         <name>.debug_info</name>
         <load_address>0xc2e0</load_address>
         <run_address>0xc2e0</run_address>
         <size>0x785</size>
         <input_file_ref idref="fl-93"/>
      </object_component>
      <object_component id="oc-69">
         <name>.debug_info</name>
         <load_address>0xca65</load_address>
         <run_address>0xca65</run_address>
         <size>0x7fd</size>
         <input_file_ref idref="fl-94"/>
      </object_component>
      <object_component id="oc-6c">
         <name>.debug_info</name>
         <load_address>0xd262</load_address>
         <run_address>0xd262</run_address>
         <size>0x6e8</size>
         <input_file_ref idref="fl-95"/>
      </object_component>
      <object_component id="oc-6f">
         <name>.debug_info</name>
         <load_address>0xd94a</load_address>
         <run_address>0xd94a</run_address>
         <size>0xe70</size>
         <input_file_ref idref="fl-96"/>
      </object_component>
      <object_component id="oc-74">
         <name>.debug_info</name>
         <load_address>0xe7ba</load_address>
         <run_address>0xe7ba</run_address>
         <size>0x716</size>
         <input_file_ref idref="fl-97"/>
      </object_component>
      <object_component id="oc-77">
         <name>.debug_info</name>
         <load_address>0xeed0</load_address>
         <run_address>0xeed0</run_address>
         <size>0x6b9</size>
         <input_file_ref idref="fl-98"/>
      </object_component>
      <object_component id="oc-7a">
         <name>.debug_info</name>
         <load_address>0xf589</load_address>
         <run_address>0xf589</run_address>
         <size>0xcc</size>
         <input_file_ref idref="fl-99"/>
      </object_component>
      <object_component id="oc-7d">
         <name>.debug_info</name>
         <load_address>0xf655</load_address>
         <run_address>0xf655</run_address>
         <size>0x79d</size>
         <input_file_ref idref="fl-9a"/>
      </object_component>
      <object_component id="oc-80">
         <name>.debug_info</name>
         <load_address>0xfdf2</load_address>
         <run_address>0xfdf2</run_address>
         <size>0x6cc</size>
         <input_file_ref idref="fl-9b"/>
      </object_component>
      <object_component id="oc-83">
         <name>.debug_info</name>
         <load_address>0x104be</load_address>
         <run_address>0x104be</run_address>
         <size>0x604</size>
         <input_file_ref idref="fl-9c"/>
      </object_component>
      <object_component id="oc-86">
         <name>.debug_info</name>
         <load_address>0x10ac2</load_address>
         <run_address>0x10ac2</run_address>
         <size>0x5ff</size>
         <input_file_ref idref="fl-9d"/>
      </object_component>
      <object_component id="oc-89">
         <name>.debug_info</name>
         <load_address>0x110c1</load_address>
         <run_address>0x110c1</run_address>
         <size>0x62b</size>
         <input_file_ref idref="fl-9e"/>
      </object_component>
      <object_component id="oc-8c">
         <name>.debug_info</name>
         <load_address>0x116ec</load_address>
         <run_address>0x116ec</run_address>
         <size>0xdc3</size>
         <input_file_ref idref="fl-9f"/>
      </object_component>
      <object_component id="oc-90">
         <name>.debug_info</name>
         <load_address>0x124af</load_address>
         <run_address>0x124af</run_address>
         <size>0x850</size>
         <input_file_ref idref="fl-a0"/>
      </object_component>
      <object_component id="oc-94">
         <name>.debug_info</name>
         <load_address>0x12cff</load_address>
         <run_address>0x12cff</run_address>
         <size>0x741</size>
         <input_file_ref idref="fl-a1"/>
      </object_component>
      <object_component id="oc-97">
         <name>.debug_info</name>
         <load_address>0x13440</load_address>
         <run_address>0x13440</run_address>
         <size>0x5b3</size>
         <input_file_ref idref="fl-a2"/>
      </object_component>
      <object_component id="oc-9a">
         <name>.debug_info</name>
         <load_address>0x139f3</load_address>
         <run_address>0x139f3</run_address>
         <size>0x6d1</size>
         <input_file_ref idref="fl-a3"/>
      </object_component>
      <object_component id="oc-9d">
         <name>.debug_info</name>
         <load_address>0x140c4</load_address>
         <run_address>0x140c4</run_address>
         <size>0x768</size>
         <input_file_ref idref="fl-a4"/>
      </object_component>
      <object_component id="oc-a0">
         <name>.debug_info</name>
         <load_address>0x1482c</load_address>
         <run_address>0x1482c</run_address>
         <size>0x6dd</size>
         <input_file_ref idref="fl-a5"/>
      </object_component>
      <object_component id="oc-a3">
         <name>.debug_info</name>
         <load_address>0x14f09</load_address>
         <run_address>0x14f09</run_address>
         <size>0x719</size>
         <input_file_ref idref="fl-a6"/>
      </object_component>
      <object_component id="oc-a6">
         <name>.debug_info</name>
         <load_address>0x15622</load_address>
         <run_address>0x15622</run_address>
         <size>0x7a0</size>
         <input_file_ref idref="fl-a7"/>
      </object_component>
      <object_component id="oc-a9">
         <name>.debug_info</name>
         <load_address>0x15dc2</load_address>
         <run_address>0x15dc2</run_address>
         <size>0x6f5</size>
         <input_file_ref idref="fl-a8"/>
      </object_component>
      <object_component id="oc-ac">
         <name>.debug_info</name>
         <load_address>0x164b7</load_address>
         <run_address>0x164b7</run_address>
         <size>0x7f3</size>
         <input_file_ref idref="fl-a9"/>
      </object_component>
      <object_component id="oc-af">
         <name>.debug_info</name>
         <load_address>0x16caa</load_address>
         <run_address>0x16caa</run_address>
         <size>0x852</size>
         <input_file_ref idref="fl-aa"/>
      </object_component>
      <object_component id="oc-b4">
         <name>.debug_info</name>
         <load_address>0x174fc</load_address>
         <run_address>0x174fc</run_address>
         <size>0xabf</size>
         <input_file_ref idref="fl-ab"/>
      </object_component>
      <object_component id="oc-ba">
         <name>.debug_info</name>
         <load_address>0x17fbb</load_address>
         <run_address>0x17fbb</run_address>
         <size>0x7ed</size>
         <input_file_ref idref="fl-ac"/>
      </object_component>
      <object_component id="oc-bd">
         <name>.debug_info</name>
         <load_address>0x187a8</load_address>
         <run_address>0x187a8</run_address>
         <size>0x64b</size>
         <input_file_ref idref="fl-ad"/>
      </object_component>
      <object_component id="oc-138">
         <name>.debug_info</name>
         <load_address>0x18df3</load_address>
         <run_address>0x18df3</run_address>
         <size>0x6d</size>
      </object_component>
      <object_component id="oc-1a">
         <name>.debug_frame</name>
         <load_address>0x0</load_address>
         <run_address>0x0</run_address>
         <size>0x25d</size>
         <input_file_ref idref="fl-2"/>
      </object_component>
      <object_component id="oc-1b">
         <name>.debug_line</name>
         <load_address>0x0</load_address>
         <run_address>0x0</run_address>
         <size>0x3e</size>
         <input_file_ref idref="fl-2"/>
      </object_component>
      <object_component id="oc-1f">
         <name>.debug_line</name>
         <load_address>0x3e</load_address>
         <run_address>0x3e</run_address>
         <size>0x3d</size>
         <input_file_ref idref="fl-7d"/>
      </object_component>
      <object_component id="oc-24">
         <name>.debug_line</name>
         <load_address>0x7b</load_address>
         <run_address>0x7b</run_address>
         <size>0x4f</size>
         <input_file_ref idref="fl-7e"/>
      </object_component>
      <object_component id="oc-27">
         <name>.debug_line</name>
         <load_address>0xca</load_address>
         <run_address>0xca</run_address>
         <size>0x6a</size>
         <input_file_ref idref="fl-7f"/>
      </object_component>
      <object_component id="oc-2c">
         <name>.debug_line</name>
         <load_address>0x134</load_address>
         <run_address>0x134</run_address>
         <size>0x35</size>
         <input_file_ref idref="fl-80"/>
      </object_component>
      <object_component id="oc-30">
         <name>.debug_line</name>
         <load_address>0x169</load_address>
         <run_address>0x169</run_address>
         <size>0x319</size>
         <input_file_ref idref="fl-81"/>
      </object_component>
      <object_component id="oc-33">
         <name>.debug_line</name>
         <load_address>0x482</load_address>
         <run_address>0x482</run_address>
         <size>0x3f</size>
         <input_file_ref idref="fl-82"/>
      </object_component>
      <object_component id="oc-36">
         <name>.debug_line</name>
         <load_address>0x4c1</load_address>
         <run_address>0x4c1</run_address>
         <size>0x45</size>
         <input_file_ref idref="fl-83"/>
      </object_component>
      <object_component id="oc-39">
         <name>.debug_line</name>
         <load_address>0x506</load_address>
         <run_address>0x506</run_address>
         <size>0x49</size>
         <input_file_ref idref="fl-84"/>
      </object_component>
      <object_component id="oc-3c">
         <name>.debug_line</name>
         <load_address>0x54f</load_address>
         <run_address>0x54f</run_address>
         <size>0x37</size>
         <input_file_ref idref="fl-85"/>
      </object_component>
      <object_component id="oc-3f">
         <name>.debug_line</name>
         <load_address>0x586</load_address>
         <run_address>0x586</run_address>
         <size>0x45</size>
         <input_file_ref idref="fl-86"/>
      </object_component>
      <object_component id="oc-42">
         <name>.debug_line</name>
         <load_address>0x5cb</load_address>
         <run_address>0x5cb</run_address>
         <size>0x44</size>
         <input_file_ref idref="fl-87"/>
      </object_component>
      <object_component id="oc-4b">
         <name>.debug_line</name>
         <load_address>0x60f</load_address>
         <run_address>0x60f</run_address>
         <size>0x5b</size>
         <input_file_ref idref="fl-8a"/>
      </object_component>
      <object_component id="oc-4e">
         <name>.debug_line</name>
         <load_address>0x66a</load_address>
         <run_address>0x66a</run_address>
         <size>0x44</size>
         <input_file_ref idref="fl-8b"/>
      </object_component>
      <object_component id="oc-51">
         <name>.debug_line</name>
         <load_address>0x6ae</load_address>
         <run_address>0x6ae</run_address>
         <size>0x3d</size>
         <input_file_ref idref="fl-8c"/>
      </object_component>
      <object_component id="oc-54">
         <name>.debug_line</name>
         <load_address>0x6eb</load_address>
         <run_address>0x6eb</run_address>
         <size>0x3d</size>
         <input_file_ref idref="fl-8d"/>
      </object_component>
      <object_component id="oc-57">
         <name>.debug_line</name>
         <load_address>0x728</load_address>
         <run_address>0x728</run_address>
         <size>0x3d</size>
         <input_file_ref idref="fl-8e"/>
      </object_component>
      <object_component id="oc-5a">
         <name>.debug_line</name>
         <load_address>0x765</load_address>
         <run_address>0x765</run_address>
         <size>0x3f</size>
         <input_file_ref idref="fl-8f"/>
      </object_component>
      <object_component id="oc-5e">
         <name>.debug_line</name>
         <load_address>0x7a4</load_address>
         <run_address>0x7a4</run_address>
         <size>0x93</size>
         <input_file_ref idref="fl-90"/>
      </object_component>
      <object_component id="oc-61">
         <name>.debug_line</name>
         <load_address>0x837</load_address>
         <run_address>0x837</run_address>
         <size>0x3e</size>
         <input_file_ref idref="fl-91"/>
      </object_component>
      <object_component id="oc-64">
         <name>.debug_line</name>
         <load_address>0x875</load_address>
         <run_address>0x875</run_address>
         <size>0x73</size>
         <input_file_ref idref="fl-92"/>
      </object_component>
      <object_component id="oc-67">
         <name>.debug_line</name>
         <load_address>0x8e8</load_address>
         <run_address>0x8e8</run_address>
         <size>0x61</size>
         <input_file_ref idref="fl-93"/>
      </object_component>
      <object_component id="oc-6a">
         <name>.debug_line</name>
         <load_address>0x949</load_address>
         <run_address>0x949</run_address>
         <size>0x38</size>
         <input_file_ref idref="fl-94"/>
      </object_component>
      <object_component id="oc-6d">
         <name>.debug_line</name>
         <load_address>0x981</load_address>
         <run_address>0x981</run_address>
         <size>0x56</size>
         <input_file_ref idref="fl-95"/>
      </object_component>
      <object_component id="oc-72">
         <name>.debug_line</name>
         <load_address>0x9d7</load_address>
         <run_address>0x9d7</run_address>
         <size>0xf5</size>
         <input_file_ref idref="fl-96"/>
      </object_component>
      <object_component id="oc-75">
         <name>.debug_line</name>
         <load_address>0xacc</load_address>
         <run_address>0xacc</run_address>
         <size>0x40</size>
         <input_file_ref idref="fl-97"/>
      </object_component>
      <object_component id="oc-78">
         <name>.debug_line</name>
         <load_address>0xb0c</load_address>
         <run_address>0xb0c</run_address>
         <size>0x3f</size>
         <input_file_ref idref="fl-98"/>
      </object_component>
      <object_component id="oc-7b">
         <name>.debug_line</name>
         <load_address>0xb4b</load_address>
         <run_address>0xb4b</run_address>
         <size>0x4a</size>
         <input_file_ref idref="fl-99"/>
      </object_component>
      <object_component id="oc-7e">
         <name>.debug_line</name>
         <load_address>0xb95</load_address>
         <run_address>0xb95</run_address>
         <size>0x46</size>
         <input_file_ref idref="fl-9a"/>
      </object_component>
      <object_component id="oc-81">
         <name>.debug_line</name>
         <load_address>0xbdb</load_address>
         <run_address>0xbdb</run_address>
         <size>0x37</size>
         <input_file_ref idref="fl-9b"/>
      </object_component>
      <object_component id="oc-84">
         <name>.debug_line</name>
         <load_address>0xc12</load_address>
         <run_address>0xc12</run_address>
         <size>0x37</size>
         <input_file_ref idref="fl-9c"/>
      </object_component>
      <object_component id="oc-87">
         <name>.debug_line</name>
         <load_address>0xc49</load_address>
         <run_address>0xc49</run_address>
         <size>0x39</size>
         <input_file_ref idref="fl-9d"/>
      </object_component>
      <object_component id="oc-8a">
         <name>.debug_line</name>
         <load_address>0xc82</load_address>
         <run_address>0xc82</run_address>
         <size>0x37</size>
         <input_file_ref idref="fl-9e"/>
      </object_component>
      <object_component id="oc-8e">
         <name>.debug_line</name>
         <load_address>0xcb9</load_address>
         <run_address>0xcb9</run_address>
         <size>0x126</size>
         <input_file_ref idref="fl-9f"/>
      </object_component>
      <object_component id="oc-92">
         <name>.debug_line</name>
         <load_address>0xddf</load_address>
         <run_address>0xddf</run_address>
         <size>0x66</size>
         <input_file_ref idref="fl-a0"/>
      </object_component>
      <object_component id="oc-95">
         <name>.debug_line</name>
         <load_address>0xe45</load_address>
         <run_address>0xe45</run_address>
         <size>0x40</size>
         <input_file_ref idref="fl-a1"/>
      </object_component>
      <object_component id="oc-98">
         <name>.debug_line</name>
         <load_address>0xe85</load_address>
         <run_address>0xe85</run_address>
         <size>0x23</size>
         <input_file_ref idref="fl-a2"/>
      </object_component>
      <object_component id="oc-9b">
         <name>.debug_line</name>
         <load_address>0xea8</load_address>
         <run_address>0xea8</run_address>
         <size>0x3b</size>
         <input_file_ref idref="fl-a3"/>
      </object_component>
      <object_component id="oc-9e">
         <name>.debug_line</name>
         <load_address>0xee3</load_address>
         <run_address>0xee3</run_address>
         <size>0x3e</size>
         <input_file_ref idref="fl-a4"/>
      </object_component>
      <object_component id="oc-a1">
         <name>.debug_line</name>
         <load_address>0xf21</load_address>
         <run_address>0xf21</run_address>
         <size>0x3f</size>
         <input_file_ref idref="fl-a5"/>
      </object_component>
      <object_component id="oc-a4">
         <name>.debug_line</name>
         <load_address>0xf60</load_address>
         <run_address>0xf60</run_address>
         <size>0x3a</size>
         <input_file_ref idref="fl-a6"/>
      </object_component>
      <object_component id="oc-a7">
         <name>.debug_line</name>
         <load_address>0xf9a</load_address>
         <run_address>0xf9a</run_address>
         <size>0x3c</size>
         <input_file_ref idref="fl-a7"/>
      </object_component>
      <object_component id="oc-aa">
         <name>.debug_line</name>
         <load_address>0xfd6</load_address>
         <run_address>0xfd6</run_address>
         <size>0x59</size>
         <input_file_ref idref="fl-a8"/>
      </object_component>
      <object_component id="oc-ad">
         <name>.debug_line</name>
         <load_address>0x102f</load_address>
         <run_address>0x102f</run_address>
         <size>0x3f</size>
         <input_file_ref idref="fl-a9"/>
      </object_component>
      <object_component id="oc-b2">
         <name>.debug_line</name>
         <load_address>0x106e</load_address>
         <run_address>0x106e</run_address>
         <size>0x42</size>
         <input_file_ref idref="fl-aa"/>
      </object_component>
      <object_component id="oc-b8">
         <name>.debug_line</name>
         <load_address>0x10b0</load_address>
         <run_address>0x10b0</run_address>
         <size>0xa7</size>
         <input_file_ref idref="fl-ab"/>
      </object_component>
      <object_component id="oc-bb">
         <name>.debug_line</name>
         <load_address>0x1157</load_address>
         <run_address>0x1157</run_address>
         <size>0x3e</size>
         <input_file_ref idref="fl-ac"/>
      </object_component>
      <object_component id="oc-be">
         <name>.debug_line</name>
         <load_address>0x1195</load_address>
         <run_address>0x1195</run_address>
         <size>0x39</size>
         <input_file_ref idref="fl-ad"/>
      </object_component>
      <object_component id="oc-1c">
         <name>.debug_abbrev</name>
         <load_address>0x0</load_address>
         <run_address>0x0</run_address>
         <size>0x89</size>
         <input_file_ref idref="fl-2"/>
      </object_component>
      <object_component id="oc-20">
         <name>.debug_abbrev</name>
         <load_address>0x89</load_address>
         <run_address>0x89</run_address>
         <size>0xfe</size>
         <input_file_ref idref="fl-7d"/>
      </object_component>
      <object_component id="oc-25">
         <name>.debug_abbrev</name>
         <load_address>0x187</load_address>
         <run_address>0x187</run_address>
         <size>0x119</size>
         <input_file_ref idref="fl-7e"/>
      </object_component>
      <object_component id="oc-28">
         <name>.debug_abbrev</name>
         <load_address>0x2a0</load_address>
         <run_address>0x2a0</run_address>
         <size>0x161</size>
         <input_file_ref idref="fl-7f"/>
      </object_component>
      <object_component id="oc-2d">
         <name>.debug_abbrev</name>
         <load_address>0x401</load_address>
         <run_address>0x401</run_address>
         <size>0x9f</size>
         <input_file_ref idref="fl-80"/>
      </object_component>
      <object_component id="oc-31">
         <name>.debug_abbrev</name>
         <load_address>0x4a0</load_address>
         <run_address>0x4a0</run_address>
         <size>0x1d1</size>
         <input_file_ref idref="fl-81"/>
      </object_component>
      <object_component id="oc-34">
         <name>.debug_abbrev</name>
         <load_address>0x671</load_address>
         <run_address>0x671</run_address>
         <size>0xe1</size>
         <input_file_ref idref="fl-82"/>
      </object_component>
      <object_component id="oc-37">
         <name>.debug_abbrev</name>
         <load_address>0x752</load_address>
         <run_address>0x752</run_address>
         <size>0xcc</size>
         <input_file_ref idref="fl-83"/>
      </object_component>
      <object_component id="oc-3a">
         <name>.debug_abbrev</name>
         <load_address>0x81e</load_address>
         <run_address>0x81e</run_address>
         <size>0x13f</size>
         <input_file_ref idref="fl-84"/>
      </object_component>
      <object_component id="oc-3d">
         <name>.debug_abbrev</name>
         <load_address>0x95d</load_address>
         <run_address>0x95d</run_address>
         <size>0xac</size>
         <input_file_ref idref="fl-85"/>
      </object_component>
      <object_component id="oc-40">
         <name>.debug_abbrev</name>
         <load_address>0xa09</load_address>
         <run_address>0xa09</run_address>
         <size>0xdd</size>
         <input_file_ref idref="fl-86"/>
      </object_component>
      <object_component id="oc-43">
         <name>.debug_abbrev</name>
         <load_address>0xae6</load_address>
         <run_address>0xae6</run_address>
         <size>0x10c</size>
         <input_file_ref idref="fl-87"/>
      </object_component>
      <object_component id="oc-45">
         <name>.debug_abbrev</name>
         <load_address>0xbf2</load_address>
         <run_address>0xbf2</run_address>
         <size>0x5f</size>
         <input_file_ref idref="fl-88"/>
      </object_component>
      <object_component id="oc-49">
         <name>.debug_abbrev</name>
         <load_address>0xc51</load_address>
         <run_address>0xc51</run_address>
         <size>0x8e</size>
         <input_file_ref idref="fl-89"/>
      </object_component>
      <object_component id="oc-4c">
         <name>.debug_abbrev</name>
         <load_address>0xcdf</load_address>
         <run_address>0xcdf</run_address>
         <size>0x112</size>
         <input_file_ref idref="fl-8a"/>
      </object_component>
      <object_component id="oc-4f">
         <name>.debug_abbrev</name>
         <load_address>0xdf1</load_address>
         <run_address>0xdf1</run_address>
         <size>0x3a</size>
         <input_file_ref idref="fl-8b"/>
      </object_component>
      <object_component id="oc-52">
         <name>.debug_abbrev</name>
         <load_address>0xe2b</load_address>
         <run_address>0xe2b</run_address>
         <size>0xac</size>
         <input_file_ref idref="fl-8c"/>
      </object_component>
      <object_component id="oc-55">
         <name>.debug_abbrev</name>
         <load_address>0xed7</load_address>
         <run_address>0xed7</run_address>
         <size>0xac</size>
         <input_file_ref idref="fl-8d"/>
      </object_component>
      <object_component id="oc-58">
         <name>.debug_abbrev</name>
         <load_address>0xf83</load_address>
         <run_address>0xf83</run_address>
         <size>0xc3</size>
         <input_file_ref idref="fl-8e"/>
      </object_component>
      <object_component id="oc-5b">
         <name>.debug_abbrev</name>
         <load_address>0x1046</load_address>
         <run_address>0x1046</run_address>
         <size>0x11f</size>
         <input_file_ref idref="fl-8f"/>
      </object_component>
      <object_component id="oc-5f">
         <name>.debug_abbrev</name>
         <load_address>0x1165</load_address>
         <run_address>0x1165</run_address>
         <size>0x14b</size>
         <input_file_ref idref="fl-90"/>
      </object_component>
      <object_component id="oc-62">
         <name>.debug_abbrev</name>
         <load_address>0x12b0</load_address>
         <run_address>0x12b0</run_address>
         <size>0x8c</size>
         <input_file_ref idref="fl-91"/>
      </object_component>
      <object_component id="oc-65">
         <name>.debug_abbrev</name>
         <load_address>0x133c</load_address>
         <run_address>0x133c</run_address>
         <size>0xc3</size>
         <input_file_ref idref="fl-92"/>
      </object_component>
      <object_component id="oc-68">
         <name>.debug_abbrev</name>
         <load_address>0x13ff</load_address>
         <run_address>0x13ff</run_address>
         <size>0xc3</size>
         <input_file_ref idref="fl-93"/>
      </object_component>
      <object_component id="oc-6b">
         <name>.debug_abbrev</name>
         <load_address>0x14c2</load_address>
         <run_address>0x14c2</run_address>
         <size>0xd0</size>
         <input_file_ref idref="fl-94"/>
      </object_component>
      <object_component id="oc-6e">
         <name>.debug_abbrev</name>
         <load_address>0x1592</load_address>
         <run_address>0x1592</run_address>
         <size>0xa3</size>
         <input_file_ref idref="fl-95"/>
      </object_component>
      <object_component id="oc-73">
         <name>.debug_abbrev</name>
         <load_address>0x1635</load_address>
         <run_address>0x1635</run_address>
         <size>0x215</size>
         <input_file_ref idref="fl-96"/>
      </object_component>
      <object_component id="oc-76">
         <name>.debug_abbrev</name>
         <load_address>0x184a</load_address>
         <run_address>0x184a</run_address>
         <size>0xe3</size>
         <input_file_ref idref="fl-97"/>
      </object_component>
      <object_component id="oc-79">
         <name>.debug_abbrev</name>
         <load_address>0x192d</load_address>
         <run_address>0x192d</run_address>
         <size>0xae</size>
         <input_file_ref idref="fl-98"/>
      </object_component>
      <object_component id="oc-7c">
         <name>.debug_abbrev</name>
         <load_address>0x19db</load_address>
         <run_address>0x19db</run_address>
         <size>0x3a</size>
         <input_file_ref idref="fl-99"/>
      </object_component>
      <object_component id="oc-7f">
         <name>.debug_abbrev</name>
         <load_address>0x1a15</load_address>
         <run_address>0x1a15</run_address>
         <size>0xd0</size>
         <input_file_ref idref="fl-9a"/>
      </object_component>
      <object_component id="oc-82">
         <name>.debug_abbrev</name>
         <load_address>0x1ae5</load_address>
         <run_address>0x1ae5</run_address>
         <size>0xda</size>
         <input_file_ref idref="fl-9b"/>
      </object_component>
      <object_component id="oc-85">
         <name>.debug_abbrev</name>
         <load_address>0x1bbf</load_address>
         <run_address>0x1bbf</run_address>
         <size>0x81</size>
         <input_file_ref idref="fl-9c"/>
      </object_component>
      <object_component id="oc-88">
         <name>.debug_abbrev</name>
         <load_address>0x1c40</load_address>
         <run_address>0x1c40</run_address>
         <size>0x71</size>
         <input_file_ref idref="fl-9d"/>
      </object_component>
      <object_component id="oc-8b">
         <name>.debug_abbrev</name>
         <load_address>0x1cb1</load_address>
         <run_address>0x1cb1</run_address>
         <size>0x8f</size>
         <input_file_ref idref="fl-9e"/>
      </object_component>
      <object_component id="oc-8f">
         <name>.debug_abbrev</name>
         <load_address>0x1d40</load_address>
         <run_address>0x1d40</run_address>
         <size>0x180</size>
         <input_file_ref idref="fl-9f"/>
      </object_component>
      <object_component id="oc-93">
         <name>.debug_abbrev</name>
         <load_address>0x1ec0</load_address>
         <run_address>0x1ec0</run_address>
         <size>0xd5</size>
         <input_file_ref idref="fl-a0"/>
      </object_component>
      <object_component id="oc-96">
         <name>.debug_abbrev</name>
         <load_address>0x1f95</load_address>
         <run_address>0x1f95</run_address>
         <size>0xd1</size>
         <input_file_ref idref="fl-a1"/>
      </object_component>
      <object_component id="oc-99">
         <name>.debug_abbrev</name>
         <load_address>0x2066</load_address>
         <run_address>0x2066</run_address>
         <size>0x90</size>
         <input_file_ref idref="fl-a2"/>
      </object_component>
      <object_component id="oc-9c">
         <name>.debug_abbrev</name>
         <load_address>0x20f6</load_address>
         <run_address>0x20f6</run_address>
         <size>0xda</size>
         <input_file_ref idref="fl-a3"/>
      </object_component>
      <object_component id="oc-9f">
         <name>.debug_abbrev</name>
         <load_address>0x21d0</load_address>
         <run_address>0x21d0</run_address>
         <size>0x12d</size>
         <input_file_ref idref="fl-a4"/>
      </object_component>
      <object_component id="oc-a2">
         <name>.debug_abbrev</name>
         <load_address>0x22fd</load_address>
         <run_address>0x22fd</run_address>
         <size>0xda</size>
         <input_file_ref idref="fl-a5"/>
      </object_component>
      <object_component id="oc-a5">
         <name>.debug_abbrev</name>
         <load_address>0x23d7</load_address>
         <run_address>0x23d7</run_address>
         <size>0xcc</size>
         <input_file_ref idref="fl-a6"/>
      </object_component>
      <object_component id="oc-a8">
         <name>.debug_abbrev</name>
         <load_address>0x24a3</load_address>
         <run_address>0x24a3</run_address>
         <size>0xf7</size>
         <input_file_ref idref="fl-a7"/>
      </object_component>
      <object_component id="oc-ab">
         <name>.debug_abbrev</name>
         <load_address>0x259a</load_address>
         <run_address>0x259a</run_address>
         <size>0xe9</size>
         <input_file_ref idref="fl-a8"/>
      </object_component>
      <object_component id="oc-ae">
         <name>.debug_abbrev</name>
         <load_address>0x2683</load_address>
         <run_address>0x2683</run_address>
         <size>0x11a</size>
         <input_file_ref idref="fl-a9"/>
      </object_component>
      <object_component id="oc-b3">
         <name>.debug_abbrev</name>
         <load_address>0x279d</load_address>
         <run_address>0x279d</run_address>
         <size>0x1cd</size>
         <input_file_ref idref="fl-aa"/>
      </object_component>
      <object_component id="oc-b9">
         <name>.debug_abbrev</name>
         <load_address>0x296a</load_address>
         <run_address>0x296a</run_address>
         <size>0x1f8</size>
         <input_file_ref idref="fl-ab"/>
      </object_component>
      <object_component id="oc-bc">
         <name>.debug_abbrev</name>
         <load_address>0x2b62</load_address>
         <run_address>0x2b62</run_address>
         <size>0x130</size>
         <input_file_ref idref="fl-ac"/>
      </object_component>
      <object_component id="oc-bf">
         <name>.debug_abbrev</name>
         <load_address>0x2c92</load_address>
         <run_address>0x2c92</run_address>
         <size>0xab</size>
         <input_file_ref idref="fl-ad"/>
      </object_component>
      <object_component id="oc-139">
         <name>.debug_abbrev</name>
         <load_address>0x2d3d</load_address>
         <run_address>0x2d3d</run_address>
         <size>0xd</size>
      </object_component>
   </object_component_list>
   <logical_group_list>
      <logical_group id="lg-2">
         <name>.text</name>
         <load_address>0x810000</load_address>
         <run_address>0x810000</run_address>
         <size>0x66e0</size>
         <contents>
            <object_component_ref idref="oc-ee"/>
            <object_component_ref idref="oc-fb"/>
            <object_component_ref idref="oc-d4"/>
            <object_component_ref idref="oc-d9"/>
            <object_component_ref idref="oc-d6"/>
            <object_component_ref idref="oc-e1"/>
            <object_component_ref idref="oc-f5"/>
            <object_component_ref idref="oc-f8"/>
            <object_component_ref idref="oc-d8"/>
            <object_component_ref idref="oc-ed"/>
            <object_component_ref idref="oc-f2"/>
            <object_component_ref idref="oc-10a"/>
            <object_component_ref idref="oc-fa"/>
            <object_component_ref idref="oc-e2"/>
            <object_component_ref idref="oc-da"/>
            <object_component_ref idref="oc-db"/>
            <object_component_ref idref="oc-10f"/>
            <object_component_ref idref="oc-114"/>
            <object_component_ref idref="oc-eb"/>
            <object_component_ref idref="oc-e5"/>
            <object_component_ref idref="oc-f7"/>
            <object_component_ref idref="oc-109"/>
            <object_component_ref idref="oc-ca"/>
            <object_component_ref idref="oc-f3"/>
            <object_component_ref idref="oc-115"/>
            <object_component_ref idref="oc-ff"/>
            <object_component_ref idref="oc-f0"/>
            <object_component_ref idref="oc-d7"/>
            <object_component_ref idref="oc-e4"/>
            <object_component_ref idref="oc-c8"/>
            <object_component_ref idref="oc-105"/>
            <object_component_ref idref="oc-dc"/>
            <object_component_ref idref="oc-c4"/>
[...]
               <logical_group_ref idref="lg-6"/>
            </allocated_space>
            <available_space>
               <start_address>0x817dda</start_address>
               <size>0x6</size>
            </available_space>
            <allocated_space>
               <start_address>0x817de0</start_address>
               <size>0x120</size>
               <logical_group_ref idref="lg-5"/>
            </allocated_space>
            <available_space>
               <start_address>0x817f00</start_address>
               <size>0x8100</size>
            </available_space>
         </usage_details>
      </memory_area>
      <memory_area>
         <name>L1PRAM</name>
         <page_id>0x0</page_id>
         <origin>0xe0c000</origin>
         <length>0x4000</length>
         <used_space>0x0</used_space>
         <unused_space>0x4000</unused_space>
         <attributes>RWIX</attributes>
         <usage_details>
         </usage_details>
      </memory_area>
      <memory_area>
         <name>L1DRAM1</name>
         <page_id>0x0</page_id>
         <origin>0xf0c000</origin>
         <length>0x4000</length>
         <used_space>0x0</used_space>
         <unused_space>0x4000</unused_space>
         <attributes>RWIX</attributes>
         <usage_details>
         </usage_details>
      </memory_area>
      <memory_area>
         <name>L1DRAM2</name>
         <page_id>0x0</page_id>
         <origin>0xf10000</origin>
         <length>0x8000</length>
         <used_space>0x0</used_space>
         <unused_space>0x8000</unused_space>
         <attributes>RWIX</attributes>
         <usage_details>
         </usage_details>
      </memory_area>
      <memory_area>
         <name>L2SHRAM</name>
         <page_id>0x0</page_id>
         <origin>0x10810000</origin>
         <length>0x10000</length>
         <used_space>0x0</used_space>
         <unused_space>0x10000</unused_space>
         <attributes>RWIX</attributes>
         <usage_details>
         </usage_details>
      </memory_area>
      <memory_area>
         <name>L1PSHRAM</name>
         <page_id>0x0</page_id>
         <origin>0x10e0c000</origin>
         <length>0x4000</length>
         <used_space>0x0</used_space>
         <unused_space>0x4000</unused_space>
         <attributes>RWIX</attributes>
         <usage_details>
         </usage_details>
      </memory_area>
      <memory_area>
         <name>L1DSHRAM1</name>
         <page_id>0x0</page_id>
         <origin>0x10f0c000</origin>
         <length>0x4000</length>
         <used_space>0x0</used_space>
         <unused_space>0x4000</unused_space>
         <attributes>RWIX</attributes>
         <usage_details>
         </usage_details>
      </memory_area>
      <memory_area>
         <name>L1DSHRAM2</name>
         <page_id>0x0</page_id>
         <origin>0x10f10000</origin>
         <length>0x8000</length>
         <used_space>0x0</used_space>
         <unused_space>0x8000</unused_space>
         <attributes>RWIX</attributes>
         <usage_details>
         </usage_details>
      </memory_area>
      <memory_area>
         <name>EMIFA_CS2</name>
         <page_id>0x0</page_id>
         <origin>0x42000000</origin>
         <length>0x1000000</length>
         <used_space>0x0</used_space>
         <unused_space>0x1000000</unused_space>
         <attributes>RWIX</attributes>
         <usage_details>
         </usage_details>
      </memory_area>
      <memory_area>
         <name>EMIFA_CS3</name>
         <page_id>0x0</page_id>
         <origin>0x44000000</origin>
         <length>0x1000000</length>
         <used_space>0x0</used_space>
         <unused_space>0x1000000</unused_space>
         <attributes>RWIX</attributes>
         <usage_details>
         </usage_details>
      </memory_area>
      <memory_area>
         <name>EMIFA_CS4</name>
         <page_id>0x0</page_id>
         <origin>0x46000000</origin>
         <length>0x1000000</length>
         <used_space>0x0</used_space>
         <unused_space>0x1000000</unused_space>
         <attributes>RWIX</attributes>
         <usage_details>
         </usage_details>
      </memory_area>
      <memory_area>
         <name>EMIFA_CS5</name>
         <page_id>0x0</page_id>
         <origin>0x48000000</origin>
         <length>0x1000000</length>
         <used_space>0x0</used_space>
         <unused_space>0x1000000</unused_space>
         <attributes>RWIX</attributes>
         <usage_details>
         </usage_details>
      </memory_area>
      <memory_area>
         <name>DDR2</name>
         <page_id>0x0</page_id>
         <origin>0x80000000</origin>
         <length>0x10000000</length>
         <used_space>0x0</used_space>
         <unused_space>0x10000000</unused_space>
         <attributes>RWIX</attributes>
         <usage_details>
         </usage_details>
      </memory_area>
   </placement_map>
   <symbol_table>
      <symbol id="sm-0">
         <name>cinit</name>
         <value>0x817b48</value>
      </symbol>
      <symbol id="sm-1">
         <name>___cinit__</name>
         <value>0x817b48</value>
      </symbol>
      <symbol id="sm-2">
         <name>pinit</name>
         <value>0xffffffff</value>
      </symbol>
      <symbol id="sm-3">
         <name>___pinit__</name>
         <value>0xffffffff</value>
      </symbol>
      <symbol id="sm-4">
         <name>binit</name>
         <value>0xffffffff</value>
      </symbol>
      <symbol id="sm-5">
         <name>___binit__</name>
         <value>0xffffffff</value>
      </symbol>
      <symbol id="sm-6">
         <name>__STACK_SIZE</name>
         <value>0x800</value>
      </symbol>
      <symbol id="sm-7">
         <name>__STACK_END</name>
         <value>0x816ee0</value>
      </symbol>
      <symbol id="sm-8">
         <name>__SYSMEM_SIZE</name>
         <value>0x800</value>
      </symbol>
      <symbol id="sm-9">
         <name>___c_args__</name>
         <value>0xffffffff</value>
      </symbol>
      <symbol id="sm-a">
         <name>.text</name>
         <value>0x810000</value>
      </symbol>
      <symbol id="sm-b">
         <name>___text__</name>
         <value>0x810000</value>
      </symbol>
      <symbol id="sm-c">
         <name>etext</name>
         <value>0x8166e0</value>
      </symbol>
      <symbol id="sm-d">
         <name>___etext__</name>
         <value>0x8166e0</value>
      </symbol>
      <symbol id="sm-e">
         <name>.data</name>
         <value>0x810000</value>
      </symbol>
      <symbol id="sm-f">
         <name>___data__</name>
         <value>0x810000</value>
      </symbol>
      <symbol id="sm-10">
         <name>edata</name>
         <value>0x810000</value>
      </symbol>
      <symbol id="sm-11">
         <name>___edata__</name>
         <value>0x810000</value>
      </symbol>
      <symbol id="sm-12">
         <name>.bss</name>
         <value>0x810000</value>
      </symbol>
      <symbol id="sm-13">
         <name>___bss__</name>
         <value>0x810000</value>
      </symbol>
      <symbol id="sm-14">
         <name>end</name>
         <value>0x810000</value>
      </symbol>
      <symbol id="sm-15">
         <name>___end__</name>
         <value>0x810000</value>
      </symbol>
      <symbol id="sm-16">
         <name>___TI_pprof_out_hndl</name>
         <value>0xffffffff</value>
      </symbol>
      <symbol id="sm-17">
         <name>___TI_prof_data_start</name>
         <value>0xffffffff</value>
      </symbol>
      <symbol id="sm-18">
         <name>___TI_prof_data_size</name>
         <value>0xffffffff</value>
      </symbol>
      <symbol id="sm-19">
         <name>$bss</name>
         <value>0x810000</value>
      </symbol>
      <symbol id="sm-59">
         <name>_main</name>
         <value>0x8166c0</value>
         <object_component_ref idref="oc-ce"/>
      </symbol>
      <symbol id="sm-68">
         <name>_c_int00</name>
         <value>0x8162e0</value>
         <object_component_ref idref="oc-17"/>
      </symbol>
      <symbol id="sm-69">
         <name>__stack</name>
         <value>0x8166e0</value>
         <object_component_ref idref="oc-1e"/>
      </symbol>
      <symbol id="sm-80">
         <name>C$$EXIT</name>
         <value>0x816680</value>
         <object_component_ref idref="oc-cf"/>
      </symbol>
      <symbol id="sm-81">
         <name>_exit</name>
         <value>0x8154e0</value>
         <object_component_ref idref="oc-c2"/>
      </symbol>
      <symbol id="sm-82">
         <name>___TI_enable_exit_profile_output</name>
         <value>0x817b2c</value>
         <object_component_ref idref="oc-23"/>
      </symbol>
      <symbol id="sm-83">
         <name>_abort</name>
         <value>0x816680</value>
         <object_component_ref idref="oc-cf"/>
      </symbol>
      <symbol id="sm-84">
         <name>__cleanup_ptr</name>
         <value>0x817b24</value>
         <object_component_ref idref="oc-23"/>
      </symbol>
      <symbol id="sm-85">
         <name>__dtors_ptr</name>
         <value>0x817b28</value>
         <object_component_ref idref="oc-23"/>
      </symbol>
      <symbol id="sm-9a">
         <name>_printf</name>
         <value>0x814ec0</value>
         <object_component_ref idref="oc-d2"/>
      </symbol>
      <symbol id="sm-a8">
         <name>__unlock</name>
         <value>0x817b34</value>
         <object_component_ref idref="oc-2b"/>
      </symbol>
      <symbol id="sm-a9">
         <name>__lock</name>
         <value>0x817b30</value>
         <object_component_ref idref="oc-2b"/>
      </symbol>
      <symbol id="sm-aa">
         <name>__nop</name>
         <value>0x816620</value>
         <object_component_ref idref="oc-c3"/>
      </symbol>
      <symbol id="sm-1c8">
         <name>__printfi</name>
         <value>0x810ac0</value>
         <object_component_ref idref="oc-d4"/>
      </symbol>
      <symbol id="sm-1d2">
         <name>__args_main</name>
         <value>0x816480</value>
         <object_component_ref idref="oc-c1"/>
      </symbol>
      <symbol id="sm-1d3">
         <name>__TI_args_main</name>
         <value>0x1</value>
      </symbol>
      <symbol id="sm-1e1">
         <name>_atoi</name>
         <value>0x814c20</value>
         <object_component_ref idref="oc-e0"/>
      </symbol>
      <symbol id="sm-1f0">
         <name>__auto_init</name>
         <value>0x8151e0</value>
         <object_component_ref idref="oc-c0"/>
      </symbol>
      <symbol id="sm-1ff">
         <name>__cmpd</name>
         <value>0x814b40</value>
         <object_component_ref idref="oc-e9"/>
      </symbol>
      <symbol id="sm-20c">
         <name>___TI_cpp_init</name>
         <value>0x816220</value>
         <object_component_ref idref="oc-cd"/>
      </symbol>
      <symbol id="sm-21a">
         <name>_copy_in</name>
         <value>0x815ac0</value>
         <object_component_ref idref="oc-cb"/>
      </symbol>
      <symbol id="sm-222">
         <name>__ctypes_</name>
         <value>0x817ca0</value>
         <object_component_ref idref="oc-e6"/>
      </symbol>
      <symbol id="sm-22c">
         <name>__tmpnams</name>
         <value>0x8178c0</value>
         <object_component_ref idref="oc-48"/>
      </symbol>
      <symbol id="sm-22d">
         <name>__ft_end</name>
         <value>0x817a00</value>
         <object_component_ref idref="oc-48"/>
      </symbol>
      <symbol id="sm-22e">
         <name>__ftable</name>
         <value>0x8176e0</value>
         <object_component_ref idref="oc-48"/>
      </symbol>
      <symbol id="sm-246">
         <name>__divd</name>
         <value>0x810580</value>
         <object_component_ref idref="oc-fb"/>
      </symbol>
      <symbol id="sm-24f">
         <name>__c6xabi_divu</name>
         <value>0x815360</value>
         <object_component_ref idref="oc-108"/>
      </symbol>
      <symbol id="sm-250">
         <name>__divu</name>
         <value>0x815360</value>
         <object_component_ref idref="oc-108"/>
      </symbol>
      <symbol id="sm-25d">
         <name>__fixdi</name>
         <value>0x815f20</value>
         <object_component_ref idref="oc-104"/>
      </symbol>
      <symbol id="sm-26a">
         <name>__fixdli</name>
         <value>0x815980</value>
         <object_component_ref idref="oc-100"/>
      </symbol>
      <symbol id="sm-275">
         <name>__fltlid</name>
         <value>0x815fa0</value>
         <object_component_ref idref="oc-102"/>
      </symbol>
      <symbol id="sm-290">
         <name>_putc</name>
         <value>0x813120</value>
         <object_component_ref idref="oc-db"/>
      </symbol>
      <symbol id="sm-291">
         <name>_fputc</name>
         <value>0x813120</value>
         <object_component_ref idref="oc-db"/>
      </symbol>
      <symbol id="sm-2b3">
         <name>_fputs</name>
         <value>0x811340</value>
         <object_component_ref idref="oc-d6"/>
      </symbol>
      <symbol id="sm-2bd">
         <name>__frcmpyd_div</name>
         <value>0x8164c0</value>
         <object_component_ref idref="oc-107"/>
      </symbol>
      <symbol id="sm-2cd">
         <name>__divul</name>
         <value>0x813d00</value>
         <object_component_ref idref="oc-109"/>
      </symbol>
      <symbol id="sm-2ce">
         <name>__remli</name>
         <value>0x816580</value>
         <object_component_ref idref="oc-10d"/>
      </symbol>
      <symbol id="sm-2cf">
         <name>__divli</name>
         <value>0x8157a0</value>
         <object_component_ref idref="oc-10e"/>
      </symbol>
      <symbol id="sm-2e3">
         <name>__subcull</name>
         <value>0x816280</value>
         <object_component_ref idref="oc-111"/>
      </symbol>
      <symbol id="sm-2e4">
         <name>__divull</name>
         <value>0x812800</value>
         <object_component_ref idref="oc-10a"/>
      </symbol>
      <symbol id="sm-2ee">
         <name>___isinf</name>
         <value>0x816400</value>
         <object_component_ref idref="oc-e8"/>
      </symbol>
      <symbol id="sm-2fc">
         <name>__llshl</name>
         <value>0x816020</value>
         <object_component_ref idref="oc-110"/>
      </symbol>
      <symbol id="sm-2fd">
         <name>__llshru</name>
         <value>0x816500</value>
         <object_component_ref idref="oc-112"/>
      </symbol>
      <symbol id="sm-33a">
         <name>_unlink</name>
         <value>0x8161a0</value>
         <object_component_ref idref="oc-113"/>
      </symbol>
      <symbol id="sm-33b">
         <name>_lseek</name>
         <value>0x815c00</value>
         <object_component_ref idref="oc-f1"/>
      </symbol>
      <symbol id="sm-33c">
         <name>_close</name>
         <value>0x814d00</value>
         <object_component_ref idref="oc-10b"/>
      </symbol>
      <symbol id="sm-33d">
         <name>_write</name>
         <value>0x815e80</value>
         <object_component_ref idref="oc-de"/>
      </symbol>
      <symbol id="sm-34a">
         <name>_ltoa</name>
         <value>0x8155a0</value>
         <object_component_ref idref="oc-101"/>
      </symbol>
      <symbol id="sm-357">
         <name>_memccpy</name>
         <value>0x816340</value>
         <object_component_ref idref="oc-e3"/>
      </symbol>
      <symbol id="sm-35f">
         <name>_memcpy</name>
         <value>0x815ca0</value>
         <object_component_ref idref="oc-cc"/>
      </symbol>
      <symbol id="sm-36a">
         <name>_memset</name>
         <value>0x814de0</value>
         <object_component_ref idref="oc-df"/>
      </symbol>
      <symbol id="sm-380">
         <name>__mpyd</name>
         <value>0x812a60</value>
         <object_component_ref idref="oc-fa"/>
      </symbol>
      <symbol id="sm-38a">
         <name>__negd</name>
         <value>0x816540</value>
         <object_component_ref idref="oc-ea"/>
      </symbol>
      <symbol id="sm-394">
         <name>__negll</name>
         <value>0x816600</value>
         <object_component_ref idref="oc-ef"/>
      </symbol>
      <symbol id="sm-39e">
         <name>__subd</name>
         <value>0x8165c0</value>
         <object_component_ref idref="oc-103"/>
      </symbol>
      <symbol id="sm-3c7">
         <name>_HOSTopen</name>
         <value>0x814a60</value>
         <object_component_ref idref="oc-c4"/>
      </symbol>
      <symbol id="sm-3c8">
         <name>_HOSTread</name>
         <value>0x814fa0</value>
         <object_component_ref idref="oc-c6"/>
      </symbol>
      <symbol id="sm-3c9">
         <name>_HOSTrename</name>
         <value>0x813ea0</value>
         <object_component_ref idref="oc-ca"/>
      </symbol>
      <symbol id="sm-3ca">
         <name>_HOSTwrite</name>
         <value>0x815120</value>
         <object_component_ref idref="oc-c7"/>
      </symbol>
      <symbol id="sm-3cb">
         <name>_HOSTlseek</name>
         <value>0x814760</value>
         <object_component_ref idref="oc-c8"/>
      </symbol>
      <symbol id="sm-3cc">
         <name>_HOSTunlink</name>
         <value>0x815060</value>
         <object_component_ref idref="oc-c9"/>
      </symbol>
      <symbol id="sm-3cd">
         <name>_HOSTclose</name>
         <value>0x815660</value>
         <object_component_ref idref="oc-c5"/>
      </symbol>
      <symbol id="sm-3dd">
         <name>C$$IO$$</name>
         <value>0x8163f8</value>
         <object_component_ref idref="oc-d0"/>
      </symbol>
      <symbol id="sm-3de">
         <name>__CIOBUF_</name>
         <value>0x817de0</value>
         <object_component_ref idref="oc-91"/>
      </symbol>
      <symbol id="sm-3df">
         <name>_readmsg</name>
         <value>0x816120</value>
         <object_component_ref idref="oc-d1"/>
      </symbol>
      <symbol id="sm-3e0">
         <name>_writemsg</name>
         <value>0x8163a0</value>
         <object_component_ref idref="oc-d0"/>
      </symbol>
      <symbol id="sm-3ef">
         <name>__wrt_ok</name>
         <value>0x814960</value>
         <object_component_ref idref="oc-dc"/>
      </symbol>
      <symbol id="sm-406">
         <name>__addd</name>
         <value>0x813340</value>
         <object_component_ref idref="oc-10f"/>
      </symbol>
      <symbol id="sm-413">
         <name>__doflush</name>
         <value>0x815420</value>
         <object_component_ref idref="oc-dd"/>
      </symbol>
      <symbol id="sm-423">
         <name>__frcaddd</name>
         <value>0x813540</value>
         <object_component_ref idref="oc-114"/>
      </symbol>
      <symbol id="sm-42d">
         <name>__frcmpyd</name>
         <value>0x814860</value>
         <object_component_ref idref="oc-105"/>
      </symbol>
      <symbol id="sm-43e">
         <name>_fseek</name>
         <value>0x814640</value>
         <object_component_ref idref="oc-e4"/>
      </symbol>
      <symbol id="sm-44b">
         <name>__renormd</name>
         <value>0x8160a0</value>
         <object_component_ref idref="oc-116"/>
      </symbol>
      <symbol id="sm-461">
         <name>_setvbuf</name>
         <value>0x813940</value>
         <object_component_ref idref="oc-e5"/>
      </symbol>
      <symbol id="sm-474">
         <name>__cleanup</name>
         <value>0x815700</value>
         <object_component_ref idref="oc-f4"/>
      </symbol>
      <symbol id="sm-4ad">
         <name>__sys_memory</name>
         <value>0x816ee0</value>
         <object_component_ref idref="oc-b7"/>
      </symbol>
      <symbol id="sm-4ae">
         <name>_free</name>
         <value>0x812580</value>
         <object_component_ref idref="oc-f2"/>
      </symbol>
      <symbol id="sm-4af">
         <name>_malloc</name>
         <value>0x814020</value>
         <object_component_ref idref="oc-f3"/>
      </symbol>
      <symbol id="sm-4c1">
         <name>__closefile</name>
         <value>0x8142e0</value>
         <object_component_ref idref="oc-ff"/>
      </symbol>
      <symbol id="sm-4cb">
         <name>_remove</name>
         <value>0x8166a0</value>
         <object_component_ref idref="oc-10c"/>
      </symbol>
   </symbol_table>
</link_info>
